Archive member included to satisfy reference by file (symbol)

c:/progra~2/armgnu~1/112202~1.02/bin/../lib/gcc/arm-none-eabi/11.2.1/thumb/v6-m/nofp\libgcc.a(_dvmd_tls.o)
                              CMakeFiles/dev_hid_composite.dir/C_/Users/mikek/Documents/RaspberryPiPico/pico-sdk/src/rp2_common/pico_divider/divider.S.obj (__aeabi_idiv0)
c:/progra~2/armgnu~1/112202~1.02/bin/../lib/gcc/arm-none-eabi/11.2.1/thumb/v6-m/nofp\libg.a(lib_a-calloc.o)
                              CMakeFiles/dev_hid_composite.dir/C_/Users/mikek/Documents/RaspberryPiPico/pico-sdk/src/rp2_common/pico_malloc/pico_malloc.c.obj (calloc)
c:/progra~2/armgnu~1/112202~1.02/bin/../lib/gcc/arm-none-eabi/11.2.1/thumb/v6-m/nofp\libg.a(lib_a-callocr.o)
                              c:/progra~2/armgnu~1/112202~1.02/bin/../lib/gcc/arm-none-eabi/11.2.1/thumb/v6-m/nofp\libg.a(lib_a-calloc.o) (_calloc_r)
c:/progra~2/armgnu~1/112202~1.02/bin/../lib/gcc/arm-none-eabi/11.2.1/thumb/v6-m/nofp\libg.a(lib_a-ctype_.o)
                              CMakeFiles/dev_hid_composite.dir/C_/Users/mikek/Documents/RaspberryPiPico/pico-sdk/lib/tinyusb/src/tusb.c.obj (_ctype_)
c:/progra~2/armgnu~1/112202~1.02/bin/../lib/gcc/arm-none-eabi/11.2.1/thumb/v6-m/nofp\libg.a(lib_a-errno.o)
                              c:/progra~2/armgnu~1/112202~1.02/bin/../lib/gcc/arm-none-eabi/11.2.1/thumb/v6-m/nofp\libg.a(lib_a-callocr.o) (__errno)
c:/progra~2/armgnu~1/112202~1.02/bin/../lib/gcc/arm-none-eabi/11.2.1/thumb/v6-m/nofp\libg.a(lib_a-impure.o)
                              c:/progra~2/armgnu~1/112202~1.02/bin/../lib/gcc/arm-none-eabi/11.2.1/thumb/v6-m/nofp\libg.a(lib_a-calloc.o) (_impure_ptr)
c:/progra~2/armgnu~1/112202~1.02/bin/../lib/gcc/arm-none-eabi/11.2.1/thumb/v6-m/nofp\libg.a(lib_a-init.o)
                              c:/progra~2/armgnu~1/112202~1.02/bin/../lib/gcc/arm-none-eabi/11.2.1/thumb/v6-m/nofp/crt0.o (__libc_init_array)
c:/progra~2/armgnu~1/112202~1.02/bin/../lib/gcc/arm-none-eabi/11.2.1/thumb/v6-m/nofp\libg.a(lib_a-malloc.o)
                              CMakeFiles/dev_hid_composite.dir/C_/Users/mikek/Documents/RaspberryPiPico/pico-sdk/src/rp2_common/pico_malloc/pico_malloc.c.obj (malloc)
c:/progra~2/armgnu~1/112202~1.02/bin/../lib/gcc/arm-none-eabi/11.2.1/thumb/v6-m/nofp\libg.a(lib_a-mallocr.o)
                              c:/progra~2/armgnu~1/112202~1.02/bin/../lib/gcc/arm-none-eabi/11.2.1/thumb/v6-m/nofp\libg.a(lib_a-callocr.o) (_malloc_r)
c:/progra~2/armgnu~1/112202~1.02/bin/../lib/gcc/arm-none-eabi/11.2.1/thumb/v6-m/nofp\libg.a(lib_a-mlock.o)
                              c:/progra~2/armgnu~1/112202~1.02/bin/../lib/gcc/arm-none-eabi/11.2.1/thumb/v6-m/nofp\libg.a(lib_a-mallocr.o) (__malloc_lock)
c:/progra~2/armgnu~1/112202~1.02/bin/../lib/gcc/arm-none-eabi/11.2.1/thumb/v6-m/nofp\libg.a(lib_a-realloc.o)
                              CMakeFiles/dev_hid_composite.dir/C_/Users/mikek/Documents/RaspberryPiPico/pico-sdk/src/rp2_common/pico_malloc/pico_malloc.c.obj (realloc)
c:/progra~2/armgnu~1/112202~1.02/bin/../lib/gcc/arm-none-eabi/11.2.1/thumb/v6-m/nofp\libg.a(lib_a-reallocr.o)
                              c:/progra~2/armgnu~1/112202~1.02/bin/../lib/gcc/arm-none-eabi/11.2.1/thumb/v6-m/nofp\libg.a(lib_a-realloc.o) (_realloc_r)
c:/progra~2/armgnu~1/112202~1.02/bin/../lib/gcc/arm-none-eabi/11.2.1/thumb/v6-m/nofp\libg.a(lib_a-sbrkr.o)
                              c:/progra~2/armgnu~1/112202~1.02/bin/../lib/gcc/arm-none-eabi/11.2.1/thumb/v6-m/nofp\libg.a(lib_a-mallocr.o) (_sbrk_r)
c:/progra~2/armgnu~1/112202~1.02/bin/../lib/gcc/arm-none-eabi/11.2.1/thumb/v6-m/nofp\libg.a(lib_a-strlen-stub.o)
                              CMakeFiles/dev_hid_composite.dir/usb_descriptors.c.obj (strlen)
c:/progra~2/armgnu~1/112202~1.02/bin/../lib/gcc/arm-none-eabi/11.2.1/thumb/v6-m/nofp\libg.a(lib_a-freer.o)
                              c:/progra~2/armgnu~1/112202~1.02/bin/../lib/gcc/arm-none-eabi/11.2.1/thumb/v6-m/nofp\libg.a(lib_a-malloc.o) (_free_r)
c:/progra~2/armgnu~1/112202~1.02/bin/../lib/gcc/arm-none-eabi/11.2.1/thumb/v6-m/nofp\libg.a(lib_a-memmove.o)
                              c:/progra~2/armgnu~1/112202~1.02/bin/../lib/gcc/arm-none-eabi/11.2.1/thumb/v6-m/nofp\libg.a(lib_a-reallocr.o) (memmove)
c:/progra~2/armgnu~1/112202~1.02/bin/../lib/gcc/arm-none-eabi/11.2.1/thumb/v6-m/nofp\libg.a(lib_a-reent.o)
                              c:/progra~2/armgnu~1/112202~1.02/bin/../lib/gcc/arm-none-eabi/11.2.1/thumb/v6-m/nofp\libg.a(lib_a-sbrkr.o) (errno)

Discarded input sections

 .text          0x00000000        0x0 c:/progra~2/armgnu~1/112202~1.02/bin/../lib/gcc/arm-none-eabi/11.2.1/thumb/v6-m/nofp/crti.o
 .data          0x00000000        0x0 c:/progra~2/armgnu~1/112202~1.02/bin/../lib/gcc/arm-none-eabi/11.2.1/thumb/v6-m/nofp/crti.o
 .bss           0x00000000        0x0 c:/progra~2/armgnu~1/112202~1.02/bin/../lib/gcc/arm-none-eabi/11.2.1/thumb/v6-m/nofp/crti.o
[...]
Memory Configuration

Name             Origin             Length             Attributes
FLASH            0x10000000         0x00200000         xr
RAM              0x20000000         0x00040000         xrw
SCRATCH_X        0x20040000         0x00001000         xrw
SCRATCH_Y        0x20041000         0x00001000         xrw
*default*        0x00000000         0xffffffff

Linker script and memory map

LOAD c:/progra~2/armgnu~1/112202~1.02/bin/../lib/gcc/arm-none-eabi/11.2.1/thumb/v6-m/nofp/crti.o
LOAD c:/progra~2/armgnu~1/112202~1.02/bin/../lib/gcc/arm-none-eabi/11.2.1/thumb/v6-m/nofp/crtbegin.o
LOAD c:/progra~2/armgnu~1/112202~1.02/bin/../lib/gcc/arm-none-eabi/11.2.1/thumb/v6-m/nofp/crt0.o

.flash_begin    0x10000000        0x0
                0x10000000                __flash_binary_start = .

.boot2          0x10000000      0x100
                0x10000000                __boot2_start__ = .
 *(.boot2)
 .boot2         0x10000000      0x100 C:\Users\mikek\AppData\Local\Temp\cc20CC4M.o
                0x10000100                __boot2_end__ = .
                0x00000001                ASSERT (((__boot2_end__ - __boot2_start__) == 0x100), ERROR: Pico second stage bootloader must be 256 bytes in size)

.text           0x10000100     0x6460
                0x10000100                __logical_binary_start = .
 *(.vectors)
 .vectors       0x10000100       0xd4 CMakeFiles/dev_hid_composite.dir/C_/Users/mikek/Documents/RaspberryPiPico/pico-sdk/src/rp2_common/pico_standard_link/crt0.S.obj
                0x10000100                __VECTOR_TABLE
                0x10000100                __vectors
                0x100001c0                isr_invalid
                0x100001c0                __default_isrs_start
                0x100001c2                isr_nmi
                0x100001c4                isr_hardfault
                0x100001c6                isr_svcall
                0x100001c8                isr_pendsv
                0x100001ca                isr_systick
                0x100001cc                isr_irq23
                0x100001cc                isr_irq18
                0x100001cc                isr_irq11
                0x100001cc                isr_irq28
                0x100001cc                isr_irq19
                0x100001cc                isr_irq0
                0x100001cc                isr_irq6
                0x100001cc                isr_irq5
                0x100001cc                isr_irq12
                0x100001cc                isr_irq22
                0x100001cc                isr_irq31
                0x100001cc                isr_irq17
                0x100001cc                isr_irq27
                0x100001cc                isr_irq30
                0x100001cc                isr_irq2
                0x100001cc                isr_irq10
                0x100001cc                isr_irq8
                0x100001cc                isr_irq24
                0x100001cc                isr_irq1
                0x100001cc                isr_irq7
                0x100001cc                isr_irq21
                0x100001cc                isr_irq20
                0x100001cc                isr_irq15
                0x100001cc                isr_irq25
                0x100001cc                isr_irq13
                0x100001cc                __unhandled_user_irq
                0x100001cc                isr_irq4
                0x100001cc                isr_irq16
                0x100001cc                isr_irq29
                0x100001cc                isr_irq26
                0x100001cc                __default_isrs_end
                0x100001cc                isr_irq3
                0x100001cc                isr_irq14
                0x100001cc                isr_irq9
                0x100001d2                unhandled_user_irq_num_in_r0
 *(.binary_info_header)
 .binary_info_header
                0x100001d4       0x14 CMakeFiles/dev_hid_composite.dir/C_/Users/mikek/Documents/RaspberryPiPico/pico-sdk/src/rp2_common/pico_standard_link/crt0.S.obj
                0x100001e8                __binary_info_header_end = .
 *(.reset)
 .reset         0x100001e8       0xa8 CMakeFiles/dev_hid_composite.dir/C_/Users/mikek/Documents/RaspberryPiPico/pico-sdk/src/rp2_common/pico_standard_link/crt0.S.obj
                0x100001e8                _entry_point
                0x10000266                __get_current_exception
 .reset         0x10000290       0x30 CMakeFiles/dev_hid_composite.dir/C_/Users/mikek/Documents/RaspberryPiPico/pico-sdk/src/rp2_common/pico_standard_link/binary_info.c.obj
 *(.init)
 .init          0x100002c0        0x4 c:/progra~2/armgnu~1/112202~1.02/bin/../lib/gcc/arm-none-eabi/11.2.1/thumb/v6-m/nofp/crti.o
                0x100002c0                _init
 *(EXCLUDE_FILE(*libm.a: *libc.a:*lib_a-mem*.o *libgcc.a:) .text*)
 .text.register_tm_clones
                0x100002c4       0x28 c:/progra~2/armgnu~1/112202~1.02/bin/../lib/gcc/arm-none-eabi/11.2.1/thumb/v6-m/nofp/crtbegin.o
 .text.frame_dummy
                0x100002ec       0x24 c:/progra~2/armgnu~1/112202~1.02/bin/../lib/gcc/arm-none-eabi/11.2.1/thumb/v6-m/nofp/crtbegin.o
 .text.send_hid_report
                0x10000310       0x60 CMakeFiles/dev_hid_composite.dir/main.c.obj
 .text.tud_mount_cb
                0x10000370        0x2 CMakeFiles/dev_hid_composite.dir/main.c.obj
                0x10000370                tud_mount_cb
 .text.tud_umount_cb
                0x10000372        0x2 CMakeFiles/dev_hid_composite.dir/main.c.obj
                0x10000372                tud_umount_cb
 .text.tud_suspend_cb
                0x10000374        0x2 CMakeFiles/dev_hid_composite.dir/main.c.obj
                0x10000374                tud_suspend_cb
 .text.tud_resume_cb
                0x10000376        0x2 CMakeFiles/dev_hid_composite.dir/main.c.obj
                0x10000376                tud_resume_cb
 .text.hid_task
                0x10000378       0x70 CMakeFiles/dev_hid_composite.dir/main.c.obj
                0x10000378                hid_task
 .text.main     0x100003e8       0x1a CMakeFiles/dev_hid_composite.dir/main.c.obj
                0x100003e8                main
 .text.tud_hid_report_complete_cb
                0x10000402        0x2 CMakeFiles/dev_hid_composite.dir/main.c.obj
                0x10000402                tud_hid_report_complete_cb
 .text.tud_hid_get_report_cb
                0x10000404        0x4 CMakeFiles/dev_hid_composite.dir/main.c.obj
                0x10000404                tud_hid_get_report_cb
 .text.tud_hid_set_report_cb
                0x10000408        0x2 CMakeFiles/dev_hid_composite.dir/main.c.obj
                0x10000408                tud_hid_set_report_cb
 *fill*         0x1000040a        0x2 
 .text.tud_descriptor_device_cb
                0x1000040c        0x8 CMakeFiles/dev_hid_composite.dir/usb_descriptors.c.obj
                0x1000040c                tud_descriptor_device_cb
 .text.tud_hid_descriptor_report_cb
                0x10000414        0x8 CMakeFiles/dev_hid_composite.dir/usb_descriptors.c.obj
                0x10000414                tud_hid_descriptor_report_cb
 .text.tud_descriptor_device_qualifier_cb
                0x1000041c        0x8 CMakeFiles/dev_hid_composite.dir/usb_descriptors.c.obj
                0x1000041c                tud_descriptor_device_qualifier_cb
 .text.tud_descriptor_other_speed_configuration_cb
                0x10000424       0x2c CMakeFiles/dev_hid_composite.dir/usb_descriptors.c.obj
                0x10000424                tud_descriptor_other_speed_configuration_cb
 .text.tud_descriptor_configuration_cb
                0x10000450        0x8 CMakeFiles/dev_hid_composite.dir/usb_descriptors.c.obj
                0x10000450                tud_descriptor_configuration_cb
 .text.tud_descriptor_string_cb
                0x10000458       0x60 CMakeFiles/dev_hid_composite.dir/usb_descriptors.c.obj
                0x10000458                tud_descriptor_string_cb
 .text.gpio_set_function
                0x100004b8       0x30 CMakeFiles/dev_hid_composite.dir/C_/Users/mikek/Documents/RaspberryPiPico/pico-sdk/src/rp2_common/hardware_gpio/gpio.c.obj
                0x100004b8                gpio_set_function
 .text.gpio_init
                0x100004e8       0x16 CMakeFiles/dev_hid_composite.dir/C_/Users/mikek/Documents/RaspberryPiPico/pico-sdk/src/rp2_common/hardware_gpio/gpio.c.obj
                0x100004e8                gpio_init
 *fill*         0x100004fe        0x2 
 .text.hw_claim_lock
                0x10000500       0x18 CMakeFiles/dev_hid_composite.dir/C_/Users/mikek/Documents/RaspberryPiPico/pico-sdk/src/rp2_common/hardware_claim/claim.c.obj
                0x10000500                hw_claim_lock
 .text.hw_claim_unlock
                0x10000518       0x14 CMakeFiles/dev_hid_composite.dir/C_/Users/mikek/Documents/RaspberryPiPico/pico-sdk/src/rp2_common/hardware_claim/claim.c.obj
                0x10000518                hw_claim_unlock
 .text.hw_claim_or_assert
                0x1000052c       0x32 CMakeFiles/dev_hid_composite.dir/C_/Users/mikek/Documents/RaspberryPiPico/pico-sdk/src/rp2_common/hardware_claim/claim.c.obj
                0x1000052c                hw_claim_or_assert
 .text.hw_claim_unused_from_range
                0x1000055e       0x50 CMakeFiles/dev_hid_composite.dir/C_/Users/mikek/Documents/RaspberryPiPico/pico-sdk/src/rp2_common/hardware_claim/claim.c.obj
                0x1000055e                hw_claim_unused_from_range
 *fill*         0x100005ae        0x2 
 .text.running_on_fpga
                0x100005b0       0x14 CMakeFiles/dev_hid_composite.dir/C_/Users/mikek/Documents/RaspberryPiPico/pico-sdk/src/rp2_common/pico_platform/platform.c.obj
                0x100005b0                running_on_fpga
 .text.spin_locks_reset
                0x100005c4       0x20 CMakeFiles/dev_hid_composite.dir/C_/Users/mikek/Documents/RaspberryPiPico/pico-sdk/src/rp2_common/hardware_sync/sync.c.obj
                0x100005c4                spin_locks_reset
 .text.next_striped_spin_lock_num
                0x100005e4       0x1c CMakeFiles/dev_hid_composite.dir/C_/Users/mikek/Documents/RaspberryPiPico/pico-sdk/src/rp2_common/hardware_sync/sync.c.obj
                0x100005e4                next_striped_spin_lock_num
 .text.spin_lock_claim_unused
                0x10000600       0x24 CMakeFiles/dev_hid_composite.dir/C_/Users/mikek/Documents/RaspberryPiPico/pico-sdk/src/rp2_common/hardware_sync/sync.c.obj
                0x10000600                spin_lock_claim_unused
 .text.set_raw_irq_handler_and_unlock
                0x10000624       0x28 CMakeFiles/dev_hid_composite.dir/C_/Users/mikek/Documents/RaspberryPiPico/pico-sdk/src/rp2_common/hardware_irq/irq.c.obj
 .text.make_branch
                0x1000064c       0x48 CMakeFiles/dev_hid_composite.dir/C_/Users/mikek/Documents/RaspberryPiPico/pico-sdk/src/rp2_common/hardware_irq/irq.c.obj
 .text.insert_branch_and_link
                0x10000694       0x40 CMakeFiles/dev_hid_composite.dir/C_/Users/mikek/Documents/RaspberryPiPico/pico-sdk/src/rp2_common/hardware_irq/irq.c.obj
 .text.irq_is_enabled
                0x100006d4       0x18 CMakeFiles/dev_hid_composite.dir/C_/Users/mikek/Documents/RaspberryPiPico/pico-sdk/src/rp2_common/hardware_irq/irq.c.obj
                0x100006d4                irq_is_enabled
 .text.irq_set_mask_enabled
                0x100006ec       0x20 CMakeFiles/dev_hid_composite.dir/C_/Users/mikek/Documents/RaspberryPiPico/pico-sdk/src/rp2_common/hardware_irq/irq.c.obj
                0x100006ec                irq_set_mask_enabled
 .text.irq_set_enabled
                0x1000070c        0xe CMakeFiles/dev_hid_composite.dir/C_/Users/mikek/Documents/RaspberryPiPico/pico-sdk/src/rp2_common/hardware_irq/irq.c.obj
                0x1000070c                irq_set_enabled
 *fill*         0x1000071a        0x2 
 .text.irq_get_vtable_handler
                0x1000071c       0x10 CMakeFiles/dev_hid_composite.dir/C_/Users/mikek/Documents/RaspberryPiPico/pico-sdk/src/rp2_common/hardware_irq/irq.c.obj
                0x1000071c                irq_get_vtable_handler
 .text.irq_set_exclusive_handler
                0x1000072c       0x54 CMakeFiles/dev_hid_composite.dir/C_/Users/mikek/Documents/RaspberryPiPico/pico-sdk/src/rp2_common/hardware_irq/irq.c.obj
                0x1000072c                irq_set_exclusive_handler
 .text.irq_add_shared_handler
                0x10000780      0x230 CMakeFiles/dev_hid_composite.dir/C_/Users/mikek/Documents/RaspberryPiPico/pico-sdk/src/rp2_common/hardware_irq/irq.c.obj
                0x10000780                irq_add_shared_handler
 .text.irq_remove_handler
                0x100009b0      0x1a4 CMakeFiles/dev_hid_composite.dir/C_/Users/mikek/Documents/RaspberryPiPico/pico-sdk/src/rp2_common/hardware_irq/irq.c.obj
                0x100009b0                irq_remove_handler
 .text.irq_add_tail_to_free_list
                0x10000b54       0xf0 CMakeFiles/dev_hid_composite.dir/C_/Users/mikek/Documents/RaspberryPiPico/pico-sdk/src/rp2_common/hardware_irq/irq.c.obj
                0x10000b54                irq_add_tail_to_free_list
 .text.irq_init_priorities
                0x10000c44       0x1c CMakeFiles/dev_hid_composite.dir/C_/Users/mikek/Documents/RaspberryPiPico/pico-sdk/src/rp2_common/hardware_irq/irq.c.obj
                0x10000c44                irq_init_priorities
 .text.lock_init
                0x10000c60       0x10 CMakeFiles/dev_hid_composite.dir/C_/Users/mikek/Documents/RaspberryPiPico/pico-sdk/src/common/pico_sync/lock_core.c.obj
                0x10000c60                lock_init
 .text.alarm_pool_post_alloc_init
                0x10000c70       0x40 CMakeFiles/dev_hid_composite.dir/C_/Users/mikek/Documents/RaspberryPiPico/pico-sdk/src/common/pico_time/time.c.obj
 .text.sleep_until_callback
                0x10000cb0       0x30 CMakeFiles/dev_hid_composite.dir/C_/Users/mikek/Documents/RaspberryPiPico/pico-sdk/src/common/pico_time/time.c.obj
 .text.timer_pool_entry_comparator
                0x10000ce0       0x78 CMakeFiles/dev_hid_composite.dir/C_/Users/mikek/Documents/RaspberryPiPico/pico-sdk/src/common/pico_time/time.c.obj
                0x10000ce0                timer_pool_entry_comparator
 .text.ph_add_child_node
                0x10000d58       0xa0 CMakeFiles/dev_hid_composite.dir/C_/Users/mikek/Documents/RaspberryPiPico/pico-sdk/src/common/pico_time/time.c.obj
 .text.ph_merge_nodes
                0x10000df8       0x3e CMakeFiles/dev_hid_composite.dir/C_/Users/mikek/Documents/RaspberryPiPico/pico-sdk/src/common/pico_time/time.c.obj
 *fill*         0x10000e36        0x2 
 .text.add_alarm_under_lock
                0x10000e38      0x16c CMakeFiles/dev_hid_composite.dir/C_/Users/mikek/Documents/RaspberryPiPico/pico-sdk/src/common/pico_time/time.c.obj
 .text.alarm_pool_alarm_callback
                0x10000fa4      0x328 CMakeFiles/dev_hid_composite.dir/C_/Users/mikek/Documents/RaspberryPiPico/pico-sdk/src/common/pico_time/time.c.obj
 .text.alarm_pool_init_default
                0x100012cc       0x38 CMakeFiles/dev_hid_composite.dir/C_/Users/mikek/Documents/RaspberryPiPico/pico-sdk/src/common/pico_time/time.c.obj
                0x100012cc                alarm_pool_init_default
 .text.alarm_pool_get_default
                0x10001304       0x2c CMakeFiles/dev_hid_composite.dir/C_/Users/mikek/Documents/RaspberryPiPico/pico-sdk/src/common/pico_time/time.c.obj
                0x10001304                alarm_pool_get_default
 .text.alarm_pool_add_alarm_at
                0x10001330      0x178 CMakeFiles/dev_hid_composite.dir/C_/Users/mikek/Documents/RaspberryPiPico/pico-sdk/src/common/pico_time/time.c.obj
                0x10001330                alarm_pool_add_alarm_at
 .text.alarm_pool_cancel_alarm
                0x100014a8       0xec CMakeFiles/dev_hid_composite.dir/C_/Users/mikek/Documents/RaspberryPiPico/pico-sdk/src/common/pico_time/time.c.obj
                0x100014a8                alarm_pool_cancel_alarm
 .text.best_effort_wfe_or_timeout
                0x10001594       0x80 CMakeFiles/dev_hid_composite.dir/C_/Users/mikek/Documents/RaspberryPiPico/pico-sdk/src/common/pico_time/time.c.obj
                0x10001594                best_effort_wfe_or_timeout
 .text.hardware_alarm_irq_handler
                0x10001614       0x88 CMakeFiles/dev_hid_composite.dir/C_/Users/mikek/Documents/RaspberryPiPico/pico-sdk/src/rp2_common/hardware_timer/timer.c.obj
 .text.hardware_alarm_claim
                0x1000169c       0x18 CMakeFiles/dev_hid_composite.dir/C_/Users/mikek/Documents/RaspberryPiPico/pico-sdk/src/rp2_common/hardware_timer/timer.c.obj
                0x1000169c                hardware_alarm_claim
 .text.time_us_64
                0x100016b4       0x18 CMakeFiles/dev_hid_composite.dir/C_/Users/mikek/Documents/RaspberryPiPico/pico-sdk/src/rp2_common/hardware_timer/timer.c.obj
                0x100016b4                time_us_64
 .text.hardware_alarm_set_callback
                0x100016cc       0x90 CMakeFiles/dev_hid_composite.dir/C_/Users/mikek/Documents/RaspberryPiPico/pico-sdk/src/rp2_common/hardware_timer/timer.c.obj
                0x100016cc                hardware_alarm_set_callback
 .text.hardware_alarm_set_target
                0x1000175c       0xe8 CMakeFiles/dev_hid_composite.dir/C_/Users/mikek/Documents/RaspberryPiPico/pico-sdk/src/rp2_common/hardware_timer/timer.c.obj
                0x1000175c                hardware_alarm_set_target
 .text.hardware_alarm_cancel
                0x10001844       0x40 CMakeFiles/dev_hid_composite.dir/C_/Users/mikek/Documents/RaspberryPiPico/pico-sdk/src/rp2_common/hardware_timer/timer.c.obj
                0x10001844                hardware_alarm_cancel
 .text.ph_add_child_node
                0x10001884       0xa0 CMakeFiles/dev_hid_composite.dir/C_/Users/mikek/Documents/RaspberryPiPico/pico-sdk/src/common/pico_util/pheap.c.obj
 .text.ph_merge_nodes
                0x10001924       0x3e CMakeFiles/dev_hid_composite.dir/C_/Users/mikek/Documents/RaspberryPiPico/pico-sdk/src/common/pico_util/pheap.c.obj
 *fill*         0x10001962        0x2 
 .text.ph_clear
                0x10001964       0x70 CMakeFiles/dev_hid_composite.dir/C_/Users/mikek/Documents/RaspberryPiPico/pico-sdk/src/common/pico_util/pheap.c.obj
                0x10001964                ph_clear
 .text.ph_post_alloc_init
                0x100019d4        0xe CMakeFiles/dev_hid_composite.dir/C_/Users/mikek/Documents/RaspberryPiPico/pico-sdk/src/common/pico_util/pheap.c.obj
                0x100019d4                ph_post_alloc_init
 *fill*         0x100019e2        0x2 
 .text.ph_merge_two_pass
                0x100019e4       0xa4 CMakeFiles/dev_hid_composite.dir/C_/Users/mikek/Documents/RaspberryPiPico/pico-sdk/src/common/pico_util/pheap.c.obj
                0x100019e4                ph_merge_two_pass
 .text.ph_remove_any_head
                0x10001a88      0x104 CMakeFiles/dev_hid_composite.dir/C_/Users/mikek/Documents/RaspberryPiPico/pico-sdk/src/common/pico_util/pheap.c.obj
 .text.ph_remove_head
                0x10001b8c       0x14 CMakeFiles/dev_hid_composite.dir/C_/Users/mikek/Documents/RaspberryPiPico/pico-sdk/src/common/pico_util/pheap.c.obj
                0x10001b8c                ph_remove_head
 .text.ph_remove_and_free_node
                0x10001ba0       0xf8 CMakeFiles/dev_hid_composite.dir/C_/Users/mikek/Documents/RaspberryPiPico/pico-sdk/src/common/pico_util/pheap.c.obj
                0x10001ba0                ph_remove_and_free_node
 .text.mutex_init
                0x10001c98       0x1a CMakeFiles/dev_hid_composite.dir/C_/Users/mikek/Documents/RaspberryPiPico/pico-sdk/src/common/pico_sync/mutex.c.obj
                0x10001c98                mutex_init
 .text.recursive_mutex_init
                0x10001cb2       0x1e CMakeFiles/dev_hid_composite.dir/C_/Users/mikek/Documents/RaspberryPiPico/pico-sdk/src/common/pico_sync/mutex.c.obj
                0x10001cb2                recursive_mutex_init
 .text.critical_section_init_with_lock_num
                0x10001cd0       0x14 CMakeFiles/dev_hid_composite.dir/C_/Users/mikek/Documents/RaspberryPiPico/pico-sdk/src/common/pico_sync/critical_section.c.obj
                0x10001cd0                critical_section_init_with_lock_num
 .text.critical_section_init
                0x10001ce4       0x14 CMakeFiles/dev_hid_composite.dir/C_/Users/mikek/Documents/RaspberryPiPico/pico-sdk/src/common/pico_sync/critical_section.c.obj
                0x10001ce4                critical_section_init
 .text._exit    0x10001cf8        0x4 CMakeFiles/dev_hid_composite.dir/C_/Users/mikek/Documents/RaspberryPiPico/pico-sdk/src/rp2_common/pico_runtime/runtime.c.obj
                0x10001cf8                _exit
 .text.exit     0x10001cfc        0x6 CMakeFiles/dev_hid_composite.dir/C_/Users/mikek/Documents/RaspberryPiPico/pico-sdk/src/rp2_common/pico_runtime/runtime.c.obj
                0x10001cfc                exit
 *fill*         0x10001d02        0x2 
 .text.__assert_func
                0x10001d04       0x3c CMakeFiles/dev_hid_composite.dir/C_/Users/mikek/Documents/RaspberryPiPico/pico-sdk/src/rp2_common/pico_runtime/runtime.c.obj
                0x10001d04                __assert_func
 .text.runtime_init
                0x10001d40       0xf8 CMakeFiles/dev_hid_composite.dir/C_/Users/mikek/Documents/RaspberryPiPico/pico-sdk/src/rp2_common/pico_runtime/runtime.c.obj
                0x10001d40                runtime_init
 .text.panic    0x10001e38       0x30 CMakeFiles/dev_hid_composite.dir/C_/Users/mikek/Documents/RaspberryPiPico/pico-sdk/src/rp2_common/pico_runtime/runtime.c.obj
                0x10001e38                panic
 .text.clock_configure
                0x10001e68      0x104 CMakeFiles/dev_hid_composite.dir/C_/Users/mikek/Documents/RaspberryPiPico/pico-sdk/src/rp2_common/hardware_clocks/clocks.c.obj
                0x10001e68                clock_configure
 .text.clocks_init
                0x10001f6c      0x100 CMakeFiles/dev_hid_composite.dir/C_/Users/mikek/Documents/RaspberryPiPico/pico-sdk/src/rp2_common/hardware_clocks/clocks.c.obj
                0x10001f6c                clocks_init
 .text.pll_init
                0x1000206c      0x140 CMakeFiles/dev_hid_composite.dir/C_/Users/mikek/Documents/RaspberryPiPico/pico-sdk/src/rp2_common/hardware_pll/pll.c.obj
                0x1000206c                pll_init
 .text.watchdog_start_tick
                0x100021ac       0x10 CMakeFiles/dev_hid_composite.dir/C_/Users/mikek/Documents/RaspberryPiPico/pico-sdk/src/rp2_common/hardware_watchdog/watchdog.c.obj
                0x100021ac                watchdog_start_tick
 .text.xosc_init
                0x100021bc       0x28 CMakeFiles/dev_hid_composite.dir/C_/Users/mikek/Documents/RaspberryPiPico/pico-sdk/src/rp2_common/hardware_xosc/xosc.c.obj
                0x100021bc                xosc_init
 .text._out_null
                0x100021e4        0x2 CMakeFiles/dev_hid_composite.dir/C_/Users/mikek/Documents/RaspberryPiPico/pico-sdk/src/rp2_common/pico_printf/printf.c.obj
 .text._out_fct
                0x100021e6        0xe CMakeFiles/dev_hid_composite.dir/C_/Users/mikek/Documents/RaspberryPiPico/pico-sdk/src/rp2_common/pico_printf/printf.c.obj
 .text._atoi    0x100021f4       0x24 CMakeFiles/dev_hid_composite.dir/C_/Users/mikek/Documents/RaspberryPiPico/pico-sdk/src/rp2_common/pico_printf/printf.c.obj
 .text._out_rev
                0x10002218       0xae CMakeFiles/dev_hid_composite.dir/C_/Users/mikek/Documents/RaspberryPiPico/pico-sdk/src/rp2_common/pico_printf/printf.c.obj
 .text._ntoa_format
                0x100022c6      0x112 CMakeFiles/dev_hid_composite.dir/C_/Users/mikek/Documents/RaspberryPiPico/pico-sdk/src/rp2_common/pico_printf/printf.c.obj
 .text._ntoa_long
                0x100023d8       0xbc CMakeFiles/dev_hid_composite.dir/C_/Users/mikek/Documents/RaspberryPiPico/pico-sdk/src/rp2_common/pico_printf/printf.c.obj
 .text._ntoa_long_long
                0x10002494       0xe2 CMakeFiles/dev_hid_composite.dir/C_/Users/mikek/Documents/RaspberryPiPico/pico-sdk/src/rp2_common/pico_printf/printf.c.obj
 *fill*         0x10002576        0x2 
 .text._etoa    0x10002578      0x414 CMakeFiles/dev_hid_composite.dir/C_/Users/mikek/Documents/RaspberryPiPico/pico-sdk/src/rp2_common/pico_printf/printf.c.obj
 .text._ftoa    0x1000298c      0x354 CMakeFiles/dev_hid_composite.dir/C_/Users/mikek/Documents/RaspberryPiPico/pico-sdk/src/rp2_common/pico_printf/printf.c.obj
 .text._vsnprintf
                0x10002ce0      0x650 CMakeFiles/dev_hid_composite.dir/C_/Users/mikek/Documents/RaspberryPiPico/pico-sdk/src/rp2_common/pico_printf/printf.c.obj
 .text.vfctprintf
                0x10003330       0x20 CMakeFiles/dev_hid_composite.dir/C_/Users/mikek/Documents/RaspberryPiPico/pico-sdk/src/rp2_common/pico_printf/printf.c.obj
                0x10003330                vfctprintf
 .text          0x10003350       0x10 CMakeFiles/dev_hid_composite.dir/C_/Users/mikek/Documents/RaspberryPiPico/pico-sdk/src/rp2_common/pico_bit_ops/bit_ops_aeabi.S.obj
 .text.rom_func_lookup
                0x10003360       0x10 CMakeFiles/dev_hid_composite.dir/C_/Users/mikek/Documents/RaspberryPiPico/pico-sdk/src/rp2_common/pico_bootrom/bootrom.c.obj
                0x10003360                rom_func_lookup
 .text.rom_data_lookup
                0x10003370       0x10 CMakeFiles/dev_hid_composite.dir/C_/Users/mikek/Documents/RaspberryPiPico/pico-sdk/src/rp2_common/pico_bootrom/bootrom.c.obj
                0x10003370                rom_data_lookup
 .text.rom_funcs_lookup
                0x10003380       0x36 CMakeFiles/dev_hid_composite.dir/C_/Users/mikek/Documents/RaspberryPiPico/pico-sdk/src/rp2_common/pico_bootrom/bootrom.c.obj
                0x10003380                rom_funcs_lookup
 *fill*         0x100033b6        0x2 
 .text.__wrap___aeabi_idiv
                0x100033b8       0x50 CMakeFiles/dev_hid_composite.dir/C_/Users/mikek/Documents/RaspberryPiPico/pico-sdk/src/rp2_common/pico_divider/divider.S.obj
                0x100033b8                __wrap___aeabi_idivmod
                0x100033b8                divmod_s32s32
                0x100033b8                div_s32s32
                0x100033b8                __wrap___aeabi_idiv
                0x100033c0                divmod_s32s32_unsafe
                0x100033ec                divmod_s32s32_savestate
 .text.__wrap___aeabi_uidiv
                0x10003408       0x4c CMakeFiles/dev_hid_composite.dir/C_/Users/mikek/Documents/RaspberryPiPico/pico-sdk/src/rp2_common/pico_divider/divider.S.obj
                0x10003408                __wrap___aeabi_uidiv
                0x10003408                __wrap___aeabi_uidivmod
                0x10003408                div_u32u32
                0x10003408                divmod_u32u32
                0x10003410                divmod_u32u32_unsafe
                0x10003438                divmod_u32u32_savestate
 .text.__wrap___aeabi_ldiv
                0x10003454      0x434 CMakeFiles/dev_hid_composite.dir/C_/Users/mikek/Documents/RaspberryPiPico/pico-sdk/src/rp2_common/pico_divider/divider.S.obj
                0x10003454                div_s64s64
                0x10003454                divmod_s64s64
                0x10003454                __wrap___aeabi_ldivmod
                0x1000348c                divmod_u64u64
                0x1000348c                div_u64u64
                0x1000348c                __wrap___aeabi_uldivmod
                0x1000349c                divmod_u64u64_savestate
                0x100034c4                divmod_s64s64_unsafe
                0x1000354c                divmod_u64u64_unsafe
 .text.__wrap___aeabi_darithmetic
                0x10003888       0x80 CMakeFiles/dev_hid_composite.dir/C_/Users/mikek/Documents/RaspberryPiPico/pico-sdk/src/rp2_common/pico_double/double_aeabi.S.obj
                0x10003888                __wrap___aeabi_drsub
                0x1000388e                __wrap___aeabi_dsub
                0x100038a0                __wrap___aeabi_dadd
                0x100038b2                __wrap___aeabi_ddiv
                0x100038ee                __wrap___aeabi_dmul
 .text.__wrap___aeabi_cdcmple
                0x10003908       0x6c CMakeFiles/dev_hid_composite.dir/C_/Users/mikek/Documents/RaspberryPiPico/pico-sdk/src/rp2_common/pico_double/double_aeabi.S.obj
                0x10003908                __wrap___aeabi_cdrcmple
                0x10003918                __wrap___aeabi_cdcmpeq
                0x10003918                __wrap___aeabi_cdcmple
 .text.__wrap___aeabi_dcmplt
                0x10003974        0xc CMakeFiles/dev_hid_composite.dir/C_/Users/mikek/Documents/RaspberryPiPico/pico-sdk/src/rp2_common/pico_double/double_aeabi.S.obj
                0x10003974                __wrap___aeabi_dcmplt
 .text.__wrap___aeabi_dcmple
                0x10003980       0x10 CMakeFiles/dev_hid_composite.dir/C_/Users/mikek/Documents/RaspberryPiPico/pico-sdk/src/rp2_common/pico_double/double_aeabi.S.obj
                0x10003980                __wrap___aeabi_dcmple
 .text.__wrap___aeabi_dcmpge
                0x10003990       0x10 CMakeFiles/dev_hid_composite.dir/C_/Users/mikek/Documents/RaspberryPiPico/pico-sdk/src/rp2_common/pico_double/double_aeabi.S.obj
                0x10003990                __wrap___aeabi_dcmpge
 .text.__wrap___aeabi_dcmpgt
                0x100039a0        0xa CMakeFiles/dev_hid_composite.dir/C_/Users/mikek/Documents/RaspberryPiPico/pico-sdk/src/rp2_common/pico_double/double_aeabi.S.obj
                0x100039a0                __wrap___aeabi_dcmpgt
 .text.__wrap___aeabi_dcmpun
                0x100039aa       0x1c CMakeFiles/dev_hid_composite.dir/C_/Users/mikek/Documents/RaspberryPiPico/pico-sdk/src/rp2_common/pico_double/double_aeabi.S.obj
                0x100039aa                __wrap___aeabi_dcmpun
 *fill*         0x100039c6        0x2 
 .text.__wrap___aeabi_i2d
                0x100039c8       0x38 CMakeFiles/dev_hid_composite.dir/C_/Users/mikek/Documents/RaspberryPiPico/pico-sdk/src/rp2_common/pico_double/double_aeabi.S.obj
                0x100039c8                __wrap___aeabi_ui2d
                0x100039d0                __wrap___aeabi_i2d
 .text.__wrap___aeabi_d2iz
                0x10003a00       0x48 CMakeFiles/dev_hid_composite.dir/C_/Users/mikek/Documents/RaspberryPiPico/pico-sdk/src/rp2_common/pico_double/double_aeabi.S.obj
                0x10003a00                double2int_z
                0x10003a00                __wrap___aeabi_d2iz
 .text.__wrap___aeabi_d2uiz
                0x10003a48       0x18 CMakeFiles/dev_hid_composite.dir/C_/Users/mikek/Documents/RaspberryPiPico/pico-sdk/src/rp2_common/pico_double/double_aeabi.S.obj
                0x10003a48                __wrap___aeabi_d2uiz
                0x10003a48                double2uint
 .text.__aeabi_double_init
                0x10003a60       0xc8 CMakeFiles/dev_hid_composite.dir/C_/Users/mikek/Documents/RaspberryPiPico/pico-sdk/src/rp2_common/pico_double/double_init_rom.c.obj
                0x10003a60                __aeabi_double_init
 .text.double_table_shim_on_use_helper
                0x10003b28       0x34 CMakeFiles/dev_hid_composite.dir/C_/Users/mikek/Documents/RaspberryPiPico/pico-sdk/src/rp2_common/pico_double/double_v1_rom_shim.S.obj
                0x10003b28                double_table_shim_on_use_helper
 .text.__wrap___aeabi_dsub
                0x10003b5c       0x10 CMakeFiles/dev_hid_composite.dir/C_/Users/mikek/Documents/RaspberryPiPico/pico-sdk/src/rp2_common/pico_double/double_v1_rom_shim.S.obj
                0x10003b5c                drsub_shim
                0x10003b62                dsub_shim
 .text.dadd_shim
                0x10003b6c      0x15c CMakeFiles/dev_hid_composite.dir/C_/Users/mikek/Documents/RaspberryPiPico/pico-sdk/src/rp2_common/pico_double/double_v1_rom_shim.S.obj
                0x10003b6c                dadd_shim
 .text.dmul_shim
                0x10003cc8      0x15c CMakeFiles/dev_hid_composite.dir/C_/Users/mikek/Documents/RaspberryPiPico/pico-sdk/src/rp2_common/pico_double/double_v1_rom_shim.S.obj
                0x10003cc8                dmul_shim
 .text.ddiv_shim
                0x10003e24      0x1b0 CMakeFiles/dev_hid_composite.dir/C_/Users/mikek/Documents/RaspberryPiPico/pico-sdk/src/rp2_common/pico_double/double_v1_rom_shim.S.obj
                0x10003e24                ddiv_shim
 .text.double2uint_shim
                0x10003fd4        0xe CMakeFiles/dev_hid_composite.dir/C_/Users/mikek/Documents/RaspberryPiPico/pico-sdk/src/rp2_common/pico_double/double_v1_rom_shim.S.obj
                0x10003fd4                double2uint_shim
                0x10003fd6                double2ufix_shim
 *fill*         0x10003fe2        0x2 
 .text.double2uint64_shim
                0x10003fe4       0x70 CMakeFiles/dev_hid_composite.dir/C_/Users/mikek/Documents/RaspberryPiPico/pico-sdk/src/rp2_common/pico_double/double_v1_rom_shim.S.obj
                0x10003fe4                double2uint64_shim
                0x10003fe6                double2ufix64_shim
                0x10004006                d2fix_a
 .text.dunpacks
                0x10004054       0x3c CMakeFiles/dev_hid_composite.dir/C_/Users/mikek/Documents/RaspberryPiPico/pico-sdk/src/rp2_common/pico_double/double_v1_rom_shim.S.obj
                0x10004054                dunpacks
 .text.__aeabi_lmul
                0x10004090       0x32 CMakeFiles/dev_hid_composite.dir/C_/Users/mikek/Documents/RaspberryPiPico/pico-sdk/src/rp2_common/pico_int64_ops/pico_int64_ops_aeabi.S.obj
                0x10004090                __wrap___aeabi_lmul
 *fill*         0x100040c2        0x2 
 .text.__aeabi_float_init
                0x100040c4       0xfc CMakeFiles/dev_hid_composite.dir/C_/Users/mikek/Documents/RaspberryPiPico/pico-sdk/src/rp2_common/pico_float/float_init_rom.c.obj
                0x100040c4                __aeabi_float_init
 .text.float_table_shim_on_use_helper
                0x100041c0       0x34 CMakeFiles/dev_hid_composite.dir/C_/Users/mikek/Documents/RaspberryPiPico/pico-sdk/src/rp2_common/pico_float/float_v1_rom_shim.S.obj
                0x100041c0                float_table_shim_on_use_helper
 .text          0x100041f4       0x10 CMakeFiles/dev_hid_composite.dir/C_/Users/mikek/Documents/RaspberryPiPico/pico-sdk/src/rp2_common/pico_mem_ops/mem_ops_aeabi.S.obj
                0x100041f4                __aeabi_mem_init
 .text.memset   0x10004204        0xc CMakeFiles/dev_hid_composite.dir/C_/Users/mikek/Documents/RaspberryPiPico/pico-sdk/src/rp2_common/pico_mem_ops/mem_ops_aeabi.S.obj
                0x10004204                __wrap_memset
 .text.memcpy   0x10004210        0xc CMakeFiles/dev_hid_composite.dir/C_/Users/mikek/Documents/RaspberryPiPico/pico-sdk/src/rp2_common/pico_mem_ops/mem_ops_aeabi.S.obj
                0x10004210                __wrap_memcpy
                0x10004210                __wrap___aeabi_memcpy
 .text.stdio_out_chars_no_crlf
                0x1000421c        0xe CMakeFiles/dev_hid_composite.dir/C_/Users/mikek/Documents/RaspberryPiPico/pico-sdk/src/rp2_common/pico_stdio/stdio.c.obj
 *fill*         0x1000422a        0x2 
 .text.stdio_out_chars_crlf
                0x1000422c       0x80 CMakeFiles/dev_hid_composite.dir/C_/Users/mikek/Documents/RaspberryPiPico/pico-sdk/src/rp2_common/pico_stdio/stdio.c.obj
 .text.stdio_stack_buffer_flush
                0x100042ac       0x44 CMakeFiles/dev_hid_composite.dir/C_/Users/mikek/Documents/RaspberryPiPico/pico-sdk/src/rp2_common/pico_stdio/stdio.c.obj
 .text.stdio_buffered_printer
                0x100042f0       0x20 CMakeFiles/dev_hid_composite.dir/C_/Users/mikek/Documents/RaspberryPiPico/pico-sdk/src/rp2_common/pico_stdio/stdio.c.obj
 .text.stdout_serialize_begin
                0x10004310       0x30 CMakeFiles/dev_hid_composite.dir/C_/Users/mikek/Documents/RaspberryPiPico/pico-sdk/src/rp2_common/pico_stdio/stdio.c.obj
                0x10004310                stdout_serialize_begin
 .text.stdout_serialize_end
                0x10004340       0x10 CMakeFiles/dev_hid_composite.dir/C_/Users/mikek/Documents/RaspberryPiPico/pico-sdk/src/rp2_common/pico_stdio/stdio.c.obj
                0x10004340                stdout_serialize_end
 .text.stdio_put_string
                0x10004350       0x98 CMakeFiles/dev_hid_composite.dir/C_/Users/mikek/Documents/RaspberryPiPico/pico-sdk/src/rp2_common/pico_stdio/stdio.c.obj
 .text.stdio_flush
                0x100043e8       0x20 CMakeFiles/dev_hid_composite.dir/C_/Users/mikek/Documents/RaspberryPiPico/pico-sdk/src/rp2_common/pico_stdio/stdio.c.obj
                0x100043e8                stdio_flush
 .text.__wrap_puts
                0x10004408       0x1e CMakeFiles/dev_hid_composite.dir/C_/Users/mikek/Documents/RaspberryPiPico/pico-sdk/src/rp2_common/pico_stdio/stdio.c.obj
                0x10004408                __wrap_puts
 *fill*         0x10004426        0x2 
 .text.__wrap_vprintf
                0x10004428       0x44 CMakeFiles/dev_hid_composite.dir/C_/Users/mikek/Documents/RaspberryPiPico/pico-sdk/src/rp2_common/pico_stdio/stdio.c.obj
                0x10004428                __wrap_vprintf
 .text.__wrap_printf
                0x1000446c       0x18 CMakeFiles/dev_hid_composite.dir/C_/Users/mikek/Documents/RaspberryPiPico/pico-sdk/src/rp2_common/pico_stdio/stdio.c.obj
                0x1000446c                __wrap_printf
 .text.hw_endpoint_get_by_addr
                0x10004484       0x18 CMakeFiles/dev_hid_composite.dir/C_/Users/mikek/Documents/RaspberryPiPico/pico-sdk/lib/tinyusb/src/portable/raspberrypi/rp2040/dcd_rp2040.c.obj
 .text._hw_endpoint_alloc
                0x1000449c       0x70 CMakeFiles/dev_hid_composite.dir/C_/Users/mikek/Documents/RaspberryPiPico/pico-sdk/lib/tinyusb/src/portable/raspberrypi/rp2040/dcd_rp2040.c.obj
 .text.hw_endpoint_init
                0x1000450c       0x88 CMakeFiles/dev_hid_composite.dir/C_/Users/mikek/Documents/RaspberryPiPico/pico-sdk/lib/tinyusb/src/portable/raspberrypi/rp2040/dcd_rp2040.c.obj
 .text.reset_non_control_endpoints
                0x10004594       0x40 CMakeFiles/dev_hid_composite.dir/C_/Users/mikek/Documents/RaspberryPiPico/pico-sdk/lib/tinyusb/src/portable/raspberrypi/rp2040/dcd_rp2040.c.obj
 .text.hw_handle_buff_status
                0x100045d4       0xa4 CMakeFiles/dev_hid_composite.dir/C_/Users/mikek/Documents/RaspberryPiPico/pico-sdk/lib/tinyusb/src/portable/raspberrypi/rp2040/dcd_rp2040.c.obj
 .text.dcd_rp2040_irq
                0x10004678      0x164 CMakeFiles/dev_hid_composite.dir/C_/Users/mikek/Documents/RaspberryPiPico/pico-sdk/lib/tinyusb/src/portable/raspberrypi/rp2040/dcd_rp2040.c.obj
 .text.hw_endpoint_xfer
                0x100047dc       0x14 CMakeFiles/dev_hid_composite.dir/C_/Users/mikek/Documents/RaspberryPiPico/pico-sdk/lib/tinyusb/src/portable/raspberrypi/rp2040/dcd_rp2040.c.obj
 .text.dcd_int_enable
                0x100047f0       0x2c CMakeFiles/dev_hid_composite.dir/C_/Users/mikek/Documents/RaspberryPiPico/pico-sdk/lib/tinyusb/src/portable/raspberrypi/rp2040/dcd_rp2040.c.obj
                0x100047f0                dcd_int_enable
 .text.dcd_set_address
                0x1000481c       0x2c CMakeFiles/dev_hid_composite.dir/C_/Users/mikek/Documents/RaspberryPiPico/pico-sdk/lib/tinyusb/src/portable/raspberrypi/rp2040/dcd_rp2040.c.obj
                0x1000481c                dcd_set_address
 .text.dcd_remote_wakeup
                0x10004848       0x38 CMakeFiles/dev_hid_composite.dir/C_/Users/mikek/Documents/RaspberryPiPico/pico-sdk/lib/tinyusb/src/portable/raspberrypi/rp2040/dcd_rp2040.c.obj
                0x10004848                dcd_remote_wakeup
 .text.dcd_connect
                0x10004880       0x10 CMakeFiles/dev_hid_composite.dir/C_/Users/mikek/Documents/RaspberryPiPico/pico-sdk/lib/tinyusb/src/portable/raspberrypi/rp2040/dcd_rp2040.c.obj
                0x10004880                dcd_connect
 .text.dcd_init
                0x10004890       0x80 CMakeFiles/dev_hid_composite.dir/C_/Users/mikek/Documents/RaspberryPiPico/pico-sdk/lib/tinyusb/src/portable/raspberrypi/rp2040/dcd_rp2040.c.obj
                0x10004890                dcd_init
 .text.dcd_edpt0_status_complete
                0x10004910       0x1c CMakeFiles/dev_hid_composite.dir/C_/Users/mikek/Documents/RaspberryPiPico/pico-sdk/lib/tinyusb/src/portable/raspberrypi/rp2040/dcd_rp2040.c.obj
                0x10004910                dcd_edpt0_status_complete
 .text.dcd_edpt_open
                0x1000492c       0x40 CMakeFiles/dev_hid_composite.dir/C_/Users/mikek/Documents/RaspberryPiPico/pico-sdk/lib/tinyusb/src/portable/raspberrypi/rp2040/dcd_rp2040.c.obj
                0x1000492c                dcd_edpt_open
 .text.dcd_edpt_close_all
                0x1000496c        0x8 CMakeFiles/dev_hid_composite.dir/C_/Users/mikek/Documents/RaspberryPiPico/pico-sdk/lib/tinyusb/src/portable/raspberrypi/rp2040/dcd_rp2040.c.obj
                0x1000496c                dcd_edpt_close_all
 .text.dcd_edpt_xfer
                0x10004974       0x30 CMakeFiles/dev_hid_composite.dir/C_/Users/mikek/Documents/RaspberryPiPico/pico-sdk/lib/tinyusb/src/portable/raspberrypi/rp2040/dcd_rp2040.c.obj
                0x10004974                dcd_edpt_xfer
 .text.dcd_edpt_stall
                0x100049a4       0x2c CMakeFiles/dev_hid_composite.dir/C_/Users/mikek/Documents/RaspberryPiPico/pico-sdk/lib/tinyusb/src/portable/raspberrypi/rp2040/dcd_rp2040.c.obj
                0x100049a4                dcd_edpt_stall
 .text.dcd_edpt_clear_stall
                0x100049d0       0x20 CMakeFiles/dev_hid_composite.dir/C_/Users/mikek/Documents/RaspberryPiPico/pico-sdk/lib/tinyusb/src/portable/raspberrypi/rp2040/dcd_rp2040.c.obj
                0x100049d0                dcd_edpt_clear_stall
 .text.prepare_ep_buffer
                0x100049f0       0x6c CMakeFiles/dev_hid_composite.dir/C_/Users/mikek/Documents/RaspberryPiPico/pico-sdk/lib/tinyusb/src/portable/raspberrypi/rp2040/rp2040_usb.c.obj
 .text.sync_ep_buffer
                0x10004a5c       0x78 CMakeFiles/dev_hid_composite.dir/C_/Users/mikek/Documents/RaspberryPiPico/pico-sdk/lib/tinyusb/src/portable/raspberrypi/rp2040/rp2040_usb.c.obj
 .text._hw_endpoint_xfer_sync
                0x10004ad4       0x28 CMakeFiles/dev_hid_composite.dir/C_/Users/mikek/Documents/RaspberryPiPico/pico-sdk/lib/tinyusb/src/portable/raspberrypi/rp2040/rp2040_usb.c.obj
 .text.rp2040_usb_init
                0x10004afc       0x4c CMakeFiles/dev_hid_composite.dir/C_/Users/mikek/Documents/RaspberryPiPico/pico-sdk/lib/tinyusb/src/portable/raspberrypi/rp2040/rp2040_usb.c.obj
                0x10004afc                rp2040_usb_init
 .text.hw_endpoint_reset_transfer
                0x10004b48        0xc CMakeFiles/dev_hid_composite.dir/C_/Users/mikek/Documents/RaspberryPiPico/pico-sdk/lib/tinyusb/src/portable/raspberrypi/rp2040/rp2040_usb.c.obj
                0x10004b48                hw_endpoint_reset_transfer
 .text._hw_endpoint_buffer_control_update32
                0x10004b54       0x58 CMakeFiles/dev_hid_composite.dir/C_/Users/mikek/Documents/RaspberryPiPico/pico-sdk/lib/tinyusb/src/portable/raspberrypi/rp2040/rp2040_usb.c.obj
                0x10004b54                _hw_endpoint_buffer_control_update32
 .text._hw_endpoint_start_next_buffer
                0x10004bac       0x74 CMakeFiles/dev_hid_composite.dir/C_/Users/mikek/Documents/RaspberryPiPico/pico-sdk/lib/tinyusb/src/portable/raspberrypi/rp2040/rp2040_usb.c.obj
 .text.hw_endpoint_xfer_start
                0x10004c20       0x48 CMakeFiles/dev_hid_composite.dir/C_/Users/mikek/Documents/RaspberryPiPico/pico-sdk/lib/tinyusb/src/portable/raspberrypi/rp2040/rp2040_usb.c.obj
                0x10004c20                hw_endpoint_xfer_start
 .text.hw_endpoint_xfer_continue
                0x10004c68       0x40 CMakeFiles/dev_hid_composite.dir/C_/Users/mikek/Documents/RaspberryPiPico/pico-sdk/lib/tinyusb/src/portable/raspberrypi/rp2040/rp2040_usb.c.obj
                0x10004c68                hw_endpoint_xfer_continue
 .text.configuration_reset
                0x10004ca8       0x9c CMakeFiles/dev_hid_composite.dir/C_/Users/mikek/Documents/RaspberryPiPico/pico-sdk/lib/tinyusb/src/device/usbd.c.obj
 .text.usbd_reset
                0x10004d44        0xc CMakeFiles/dev_hid_composite.dir/C_/Users/mikek/Documents/RaspberryPiPico/pico-sdk/lib/tinyusb/src/device/usbd.c.obj
 .text.invoke_class_control
                0x10004d50       0x1a CMakeFiles/dev_hid_composite.dir/C_/Users/mikek/Documents/RaspberryPiPico/pico-sdk/lib/tinyusb/src/device/usbd.c.obj
 *fill*         0x10004d6a        0x2 
 .text.process_set_config
                0x10004d6c      0x19c CMakeFiles/dev_hid_composite.dir/C_/Users/mikek/Documents/RaspberryPiPico/pico-sdk/lib/tinyusb/src/device/usbd.c.obj
 .text.process_get_descriptor
                0x10004f08      0x100 CMakeFiles/dev_hid_composite.dir/C_/Users/mikek/Documents/RaspberryPiPico/pico-sdk/lib/tinyusb/src/device/usbd.c.obj
 .text.tud_mounted
                0x10005008       0x10 CMakeFiles/dev_hid_composite.dir/C_/Users/mikek/Documents/RaspberryPiPico/pico-sdk/lib/tinyusb/src/device/usbd.c.obj
                0x10005008                tud_mounted
 .text.tud_suspended
                0x10005018       0x10 CMakeFiles/dev_hid_composite.dir/C_/Users/mikek/Documents/RaspberryPiPico/pico-sdk/lib/tinyusb/src/device/usbd.c.obj
                0x10005018                tud_suspended
 .text.tud_remote_wakeup
                0x10005028       0x34 CMakeFiles/dev_hid_composite.dir/C_/Users/mikek/Documents/RaspberryPiPico/pico-sdk/lib/tinyusb/src/device/usbd.c.obj
                0x10005028                tud_remote_wakeup
 .text.tud_inited
                0x1000505c       0x14 CMakeFiles/dev_hid_composite.dir/C_/Users/mikek/Documents/RaspberryPiPico/pico-sdk/lib/tinyusb/src/device/usbd.c.obj
                0x1000505c                tud_inited
 .text.tud_init
                0x10005070       0xe4 CMakeFiles/dev_hid_composite.dir/C_/Users/mikek/Documents/RaspberryPiPico/pico-sdk/lib/tinyusb/src/device/usbd.c.obj
                0x10005070                tud_init
 .text.usbd_edpt_open
                0x10005154       0x60 CMakeFiles/dev_hid_composite.dir/C_/Users/mikek/Documents/RaspberryPiPico/pico-sdk/lib/tinyusb/src/device/usbd.c.obj
                0x10005154                usbd_edpt_open
 .text.usbd_open_edpt_pair
                0x100051b4       0x8c CMakeFiles/dev_hid_composite.dir/C_/Users/mikek/Documents/RaspberryPiPico/pico-sdk/lib/tinyusb/src/device/usbd.c.obj
                0x100051b4                usbd_open_edpt_pair
 .text.usbd_edpt_claim
                0x10005240       0x28 CMakeFiles/dev_hid_composite.dir/C_/Users/mikek/Documents/RaspberryPiPico/pico-sdk/lib/tinyusb/src/device/usbd.c.obj
                0x10005240                usbd_edpt_claim
 .text.usbd_edpt_xfer
                0x10005268       0x8c CMakeFiles/dev_hid_composite.dir/C_/Users/mikek/Documents/RaspberryPiPico/pico-sdk/lib/tinyusb/src/device/usbd.c.obj
                0x10005268                usbd_edpt_xfer
 .text.usbd_edpt_busy
                0x100052f4       0x1c CMakeFiles/dev_hid_composite.dir/C_/Users/mikek/Documents/RaspberryPiPico/pico-sdk/lib/tinyusb/src/device/usbd.c.obj
                0x100052f4                usbd_edpt_busy
 .text.usbd_edpt_stall
                0x10005310       0x48 CMakeFiles/dev_hid_composite.dir/C_/Users/mikek/Documents/RaspberryPiPico/pico-sdk/lib/tinyusb/src/device/usbd.c.obj
                0x10005310                usbd_edpt_stall
 .text.usbd_edpt_clear_stall
                0x10005358       0x48 CMakeFiles/dev_hid_composite.dir/C_/Users/mikek/Documents/RaspberryPiPico/pico-sdk/lib/tinyusb/src/device/usbd.c.obj
                0x10005358                usbd_edpt_clear_stall
 .text.usbd_edpt_stalled
                0x100053a0       0x1c CMakeFiles/dev_hid_composite.dir/C_/Users/mikek/Documents/RaspberryPiPico/pico-sdk/lib/tinyusb/src/device/usbd.c.obj
                0x100053a0                usbd_edpt_stalled
 .text.process_control_request
                0x100053bc      0x3b8 CMakeFiles/dev_hid_composite.dir/C_/Users/mikek/Documents/RaspberryPiPico/pico-sdk/lib/tinyusb/src/device/usbd.c.obj
 .text.tud_task_ext
                0x10005774      0x1c8 CMakeFiles/dev_hid_composite.dir/C_/Users/mikek/Documents/RaspberryPiPico/pico-sdk/lib/tinyusb/src/device/usbd.c.obj
                0x10005774                tud_task_ext
 .text._data_stage_xact
                0x1000593c       0x58 CMakeFiles/dev_hid_composite.dir/C_/Users/mikek/Documents/RaspberryPiPico/pico-sdk/lib/tinyusb/src/device/usbd_control.c.obj
 .text.tud_control_status
                0x10005994       0x38 CMakeFiles/dev_hid_composite.dir/C_/Users/mikek/Documents/RaspberryPiPico/pico-sdk/lib/tinyusb/src/device/usbd_control.c.obj
                0x10005994                tud_control_status
 .text.tud_control_xfer
                0x100059cc       0xa8 CMakeFiles/dev_hid_composite.dir/C_/Users/mikek/Documents/RaspberryPiPico/pico-sdk/lib/tinyusb/src/device/usbd_control.c.obj
                0x100059cc                tud_control_xfer
 .text.usbd_control_reset
                0x10005a74       0x14 CMakeFiles/dev_hid_composite.dir/C_/Users/mikek/Documents/RaspberryPiPico/pico-sdk/lib/tinyusb/src/device/usbd_control.c.obj
                0x10005a74                usbd_control_reset
 .text.usbd_control_set_complete_callback
                0x10005a88        0xc CMakeFiles/dev_hid_composite.dir/C_/Users/mikek/Documents/RaspberryPiPico/pico-sdk/lib/tinyusb/src/device/usbd_control.c.obj
                0x10005a88                usbd_control_set_complete_callback
 .text.usbd_control_set_request
                0x10005a94       0x1c CMakeFiles/dev_hid_composite.dir/C_/Users/mikek/Documents/RaspberryPiPico/pico-sdk/lib/tinyusb/src/device/usbd_control.c.obj
                0x10005a94                usbd_control_set_request
 .text.usbd_control_xfer_cb
                0x10005ab0       0xfc CMakeFiles/dev_hid_composite.dir/C_/Users/mikek/Documents/RaspberryPiPico/pico-sdk/lib/tinyusb/src/device/usbd_control.c.obj
                0x10005ab0                usbd_control_xfer_cb
 .text.tud_hid_n_ready
                0x10005bac       0x50 CMakeFiles/dev_hid_composite.dir/C_/Users/mikek/Documents/RaspberryPiPico/pico-sdk/lib/tinyusb/src/class/hid/hid_device.c.obj
                0x10005bac                tud_hid_n_ready
 .text.tud_hid_n_report
                0x10005bfc       0x84 CMakeFiles/dev_hid_composite.dir/C_/Users/mikek/Documents/RaspberryPiPico/pico-sdk/lib/tinyusb/src/class/hid/hid_device.c.obj
                0x10005bfc                tud_hid_n_report
 .text.tud_hid_n_keyboard_report
                0x10005c80       0x40 CMakeFiles/dev_hid_composite.dir/C_/Users/mikek/Documents/RaspberryPiPico/pico-sdk/lib/tinyusb/src/class/hid/hid_device.c.obj
                0x10005c80                tud_hid_n_keyboard_report
 .text.hidd_reset
                0x10005cc0       0x14 CMakeFiles/dev_hid_composite.dir/C_/Users/mikek/Documents/RaspberryPiPico/pico-sdk/lib/tinyusb/src/class/hid/hid_device.c.obj
                0x10005cc0                hidd_reset
 .text.hidd_init
                0x10005cd4        0xa CMakeFiles/dev_hid_composite.dir/C_/Users/mikek/Documents/RaspberryPiPico/pico-sdk/lib/tinyusb/src/class/hid/hid_device.c.obj
                0x10005cd4                hidd_init
 *fill*         0x10005cde        0x2 
 .text.hidd_open
                0x10005ce0      0x100 CMakeFiles/dev_hid_composite.dir/C_/Users/mikek/Documents/RaspberryPiPico/pico-sdk/lib/tinyusb/src/class/hid/hid_device.c.obj
                0x10005ce0                hidd_open
 .text.hidd_control_xfer_cb
                0x10005de0      0x288 CMakeFiles/dev_hid_composite.dir/C_/Users/mikek/Documents/RaspberryPiPico/pico-sdk/lib/tinyusb/src/class/hid/hid_device.c.obj
                0x10005de0                hidd_control_xfer_cb
 .text.hidd_xfer_cb
                0x10006068       0xa8 CMakeFiles/dev_hid_composite.dir/C_/Users/mikek/Documents/RaspberryPiPico/pico-sdk/lib/tinyusb/src/class/hid/hid_device.c.obj
                0x10006068                hidd_xfer_cb
 .text.tusb_init
                0x10006110       0x24 CMakeFiles/dev_hid_composite.dir/C_/Users/mikek/Documents/RaspberryPiPico/pico-sdk/lib/tinyusb/src/tusb.c.obj
                0x10006110                tusb_init
 .text.tusb_inited
                0x10006134        0xe CMakeFiles/dev_hid_composite.dir/C_/Users/mikek/Documents/RaspberryPiPico/pico-sdk/lib/tinyusb/src/tusb.c.obj
                0x10006134                tusb_inited
 .text.tu_edpt_claim
                0x10006142       0x50 CMakeFiles/dev_hid_composite.dir/C_/Users/mikek/Documents/RaspberryPiPico/pico-sdk/lib/tinyusb/src/tusb.c.obj
                0x10006142                tu_edpt_claim
 *fill*         0x10006192        0x2 
 .text.tu_edpt_validate
                0x10006194       0xac CMakeFiles/dev_hid_composite.dir/C_/Users/mikek/Documents/RaspberryPiPico/pico-sdk/lib/tinyusb/src/tusb.c.obj
                0x10006194                tu_edpt_validate
 .text.tu_edpt_bind_driver
                0x10006240       0x26 CMakeFiles/dev_hid_composite.dir/C_/Users/mikek/Documents/RaspberryPiPico/pico-sdk/lib/tinyusb/src/tusb.c.obj
                0x10006240                tu_edpt_bind_driver
 .text.advance_pointer
                0x10006266       0x18 CMakeFiles/dev_hid_composite.dir/C_/Users/mikek/Documents/RaspberryPiPico/pico-sdk/lib/tinyusb/src/common/tusb_fifo.c.obj
 .text.backward_pointer
                0x1000627e       0x1e CMakeFiles/dev_hid_composite.dir/C_/Users/mikek/Documents/RaspberryPiPico/pico-sdk/lib/tinyusb/src/common/tusb_fifo.c.obj
 .text.get_relative_pointer
                0x1000629c       0x10 CMakeFiles/dev_hid_composite.dir/C_/Users/mikek/Documents/RaspberryPiPico/pico-sdk/lib/tinyusb/src/common/tusb_fifo.c.obj
 .text._tu_fifo_peek
                0x100062ac       0x50 CMakeFiles/dev_hid_composite.dir/C_/Users/mikek/Documents/RaspberryPiPico/pico-sdk/lib/tinyusb/src/common/tusb_fifo.c.obj
 .text.tu_fifo_read
                0x100062fc       0x42 CMakeFiles/dev_hid_composite.dir/C_/Users/mikek/Documents/RaspberryPiPico/pico-sdk/lib/tinyusb/src/common/tusb_fifo.c.obj
                0x100062fc                tu_fifo_read
 .text.tu_fifo_write
                0x1000633e       0x68 CMakeFiles/dev_hid_composite.dir/C_/Users/mikek/Documents/RaspberryPiPico/pico-sdk/lib/tinyusb/src/common/tusb_fifo.c.obj
                0x1000633e                tu_fifo_write
 .text.tu_fifo_clear
                0x100063a6       0x4c CMakeFiles/dev_hid_composite.dir/C_/Users/mikek/Documents/RaspberryPiPico/pico-sdk/lib/tinyusb/src/common/tusb_fifo.c.obj
                0x100063a6                tu_fifo_clear
 *fill*         0x100063f2        0x2 
 .text._retrieve_unique_id_on_boot
                0x100063f4       0x10 CMakeFiles/dev_hid_composite.dir/C_/Users/mikek/Documents/RaspberryPiPico/pico-sdk/src/rp2_common/pico_unique_id/unique_id.c.obj
 .text.flash_get_unique_id
                0x10006404       0x46 CMakeFiles/dev_hid_composite.dir/C_/Users/mikek/Documents/RaspberryPiPico/pico-sdk/src/rp2_common/hardware_flash/flash.c.obj
                0x10006404                flash_get_unique_id
 .text.board_init
                0x1000644a       0x14 CMakeFiles/dev_hid_composite.dir/C_/Users/mikek/Documents/RaspberryPiPico/pico-sdk/lib/tinyusb/hw/bsp/rp2040/family.c.obj
                0x1000644a                board_init
 .text.board_button_read
                0x1000645e        0xe CMakeFiles/dev_hid_composite.dir/C_/Users/mikek/Documents/RaspberryPiPico/pico-sdk/lib/tinyusb/hw/bsp/rp2040/family.c.obj
                0x1000645e                board_button_read
 .text.strlen   0x1000646c       0x5c c:/progra~2/armgnu~1/112202~1.02/bin/../lib/gcc/arm-none-eabi/11.2.1/thumb/v6-m/nofp\libg.a(lib_a-strlen-stub.o)
                0x1000646c                strlen
 *(.fini)
 .fini          0x100064c8        0x4 c:/progra~2/armgnu~1/112202~1.02/bin/../lib/gcc/arm-none-eabi/11.2.1/thumb/v6-m/nofp/crti.o
                0x100064c8                _fini
 *fill*         0x100064cc        0x4 
 .fini.__stub   0x100064d0       0x90 linker stubs
 *crtbegin.o(.ctors)
 *crtbegin?.o(.ctors)
 *(EXCLUDE_FILE(*crtend.o *crtend?.o) .ctors)
 *(SORT_BY_NAME(.ctors.*))
 *(.ctors)
 *crtbegin.o(.dtors)
 *crtbegin?.o(.dtors)
 *(EXCLUDE_FILE(*crtend.o *crtend?.o) .dtors)
 *(SORT_BY_NAME(.dtors.*))
 *(.dtors)
 *(.eh_frame*)
 .eh_frame      0x10006560        0x0 c:/progra~2/armgnu~1/112202~1.02/bin/../lib/gcc/arm-none-eabi/11.2.1/thumb/v6-m/nofp/crtbegin.o
                0x10006560                . = ALIGN (0x4)

.glue_7         0x10006560        0x0
 .glue_7        0x10006560        0x0 linker stubs

.glue_7t        0x10006560        0x0
 .glue_7t       0x10006560        0x0 linker stubs

.vfp11_veneer   0x10006560        0x0
 .vfp11_veneer  0x10006560        0x0 linker stubs

.v4_bx          0x10006560        0x0
 .v4_bx         0x10006560        0x0 linker stubs

.iplt           0x10006560        0x0
 .iplt          0x10006560        0x0 c:/progra~2/armgnu~1/112202~1.02/bin/../lib/gcc/arm-none-eabi/11.2.1/thumb/v6-m/nofp/crtbegin.o

.rodata         0x10006560     0x1714
 *(EXCLUDE_FILE(*libm.a: *libc.a:*lib_a-mem*.o *libgcc.a:) .rodata*)
 .rodata.hid_task.str1.4
                0x10006560       0x78 CMakeFiles/dev_hid_composite.dir/main.c.obj
 .rodata.__func__.1
                0x100065d8       0x15 CMakeFiles/dev_hid_composite.dir/main.c.obj
 *fill*         0x100065ed        0x3 
 .rodata.str1.4
                0x100065f0       0x1f CMakeFiles/dev_hid_composite.dir/usb_descriptors.c.obj
 *fill*         0x1000660f        0x1 
 .rodata        0x10006610       0x22 CMakeFiles/dev_hid_composite.dir/usb_descriptors.c.obj
 *fill*         0x10006632        0x2 
 .rodata.__compound_literal.0
                0x10006634        0x2 CMakeFiles/dev_hid_composite.dir/usb_descriptors.c.obj
 *fill*         0x10006636        0x2 
 .rodata.desc_configuration
                0x10006638       0x22 CMakeFiles/dev_hid_composite.dir/usb_descriptors.c.obj
                0x10006638                desc_configuration
 *fill*         0x1000665a        0x2 
 .rodata.desc_device
                0x1000665c       0x12 CMakeFiles/dev_hid_composite.dir/usb_descriptors.c.obj
                0x1000665c                desc_device
 *fill*         0x1000666e        0x2 
 .rodata.desc_device_qualifier
                0x10006670        0xa CMakeFiles/dev_hid_composite.dir/usb_descriptors.c.obj
                0x10006670                desc_device_qualifier
 *fill*         0x1000667a        0x2 
 .rodata.desc_hid_report
                0x1000667c       0x43 CMakeFiles/dev_hid_composite.dir/usb_descriptors.c.obj
                0x1000667c                desc_hid_report
 *fill*         0x100066bf        0x1 
 .rodata.spin_lock_claim_unused.str1.4
                0x100066c0       0x1b CMakeFiles/dev_hid_composite.dir/C_/Users/mikek/Documents/RaspberryPiPico/pico-sdk/src/rp2_common/hardware_sync/sync.c.obj
 *fill*         0x100066db        0x1 
 .rodata.make_branch.str1.4
                0x100066dc       0x84 CMakeFiles/dev_hid_composite.dir/C_/Users/mikek/Documents/RaspberryPiPico/pico-sdk/src/rp2_common/hardware_irq/irq.c.obj
 .rodata.insert_branch_and_link.str1.4
                0x10006760       0x10 CMakeFiles/dev_hid_composite.dir/C_/Users/mikek/Documents/RaspberryPiPico/pico-sdk/src/rp2_common/hardware_irq/irq.c.obj
 .rodata.irq_set_exclusive_handler.str1.4
                0x10006770       0x36 CMakeFiles/dev_hid_composite.dir/C_/Users/mikek/Documents/RaspberryPiPico/pico-sdk/src/rp2_common/hardware_irq/irq.c.obj
 *fill*         0x100067a6        0x2 
 .rodata.irq_add_shared_handler.str1.4
                0x100067a8       0xd9 CMakeFiles/dev_hid_composite.dir/C_/Users/mikek/Documents/RaspberryPiPico/pico-sdk/src/rp2_common/hardware_irq/irq.c.obj
 *fill*         0x10006881        0x3 
 .rodata.irq_remove_handler.str1.4
                0x10006884       0x2a CMakeFiles/dev_hid_composite.dir/C_/Users/mikek/Documents/RaspberryPiPico/pico-sdk/src/rp2_common/hardware_irq/irq.c.obj
 *fill*         0x100068ae        0x2 
 .rodata.irq_add_tail_to_free_list.str1.4
                0x100068b0       0x3a CMakeFiles/dev_hid_composite.dir/C_/Users/mikek/Documents/RaspberryPiPico/pico-sdk/src/rp2_common/hardware_irq/irq.c.obj
 *fill*         0x100068ea        0x2 
 .rodata.__func__.0
                0x100068ec       0x1a CMakeFiles/dev_hid_composite.dir/C_/Users/mikek/Documents/RaspberryPiPico/pico-sdk/src/rp2_common/hardware_irq/irq.c.obj
 *fill*         0x10006906        0x2 
 .rodata.__func__.1
                0x10006908       0x17 CMakeFiles/dev_hid_composite.dir/C_/Users/mikek/Documents/RaspberryPiPico/pico-sdk/src/rp2_common/hardware_irq/irq.c.obj
 *fill*         0x1000691f        0x1 
 .rodata.__func__.2
                0x10006920       0x13 CMakeFiles/dev_hid_composite.dir/C_/Users/mikek/Documents/RaspberryPiPico/pico-sdk/src/rp2_common/hardware_irq/irq.c.obj
 *fill*         0x10006933        0x1 
 .rodata.__func__.3
                0x10006934        0xc CMakeFiles/dev_hid_composite.dir/C_/Users/mikek/Documents/RaspberryPiPico/pico-sdk/src/rp2_common/hardware_irq/irq.c.obj
 .rodata.__func__.4
                0x10006940        0xf CMakeFiles/dev_hid_composite.dir/C_/Users/mikek/Documents/RaspberryPiPico/pico-sdk/src/rp2_common/hardware_irq/irq.c.obj
 *fill*         0x1000694f        0x1 
 .rodata.__func__.5
                0x10006950       0x17 CMakeFiles/dev_hid_composite.dir/C_/Users/mikek/Documents/RaspberryPiPico/pico-sdk/src/rp2_common/hardware_irq/irq.c.obj
 *fill*         0x10006967        0x1 
 .rodata.__func__.6
                0x10006968       0x1a CMakeFiles/dev_hid_composite.dir/C_/Users/mikek/Documents/RaspberryPiPico/pico-sdk/src/rp2_common/hardware_irq/irq.c.obj
 *fill*         0x10006982        0x2 
 .rodata.repeating_timer_callback.str1.4
                0x10006984       0x62 CMakeFiles/dev_hid_composite.dir/C_/Users/mikek/Documents/RaspberryPiPico/pico-sdk/src/common/pico_time/time.c.obj
 *fill*         0x100069e6        0x2 
 .rodata.alarm_pool_dump_key.str1.4
                0x100069e8       0x33 CMakeFiles/dev_hid_composite.dir/C_/Users/mikek/Documents/RaspberryPiPico/pico-sdk/src/common/pico_time/time.c.obj
 *fill*         0x10006a1b        0x1 
 .rodata.ph_add_child_node.str1.4
                0x10006a1c       0xae CMakeFiles/dev_hid_composite.dir/C_/Users/mikek/Documents/RaspberryPiPico/pico-sdk/src/common/pico_time/time.c.obj
 *fill*         0x10006aca        0x2 
 .rodata.add_alarm_under_lock.str1.4
                0x10006acc       0x28 CMakeFiles/dev_hid_composite.dir/C_/Users/mikek/Documents/RaspberryPiPico/pico-sdk/src/common/pico_time/time.c.obj
                                 0x2b (size before relaxing)
 .rodata.alarm_pool_alarm_callback.str1.4
                0x10006af4       0x82 CMakeFiles/dev_hid_composite.dir/C_/Users/mikek/Documents/RaspberryPiPico/pico-sdk/src/common/pico_time/time.c.obj
                                 0xfa (size before relaxing)
 *fill*         0x10006b76        0x2 
 .rodata.alarm_pool_get_default.str1.4
                0x10006b78       0x21 CMakeFiles/dev_hid_composite.dir/C_/Users/mikek/Documents/RaspberryPiPico/pico-sdk/src/common/pico_time/time.c.obj
 *fill*         0x10006b99        0x3 
 .rodata.alarm_pool_cancel_alarm.str1.4
                0x10006b9c       0x27 CMakeFiles/dev_hid_composite.dir/C_/Users/mikek/Documents/RaspberryPiPico/pico-sdk/src/common/pico_time/time.c.obj
 *fill*         0x10006bc3        0x1 
 .rodata.__func__.1
                0x10006bc4       0x18 CMakeFiles/dev_hid_composite.dir/C_/Users/mikek/Documents/RaspberryPiPico/pico-sdk/src/common/pico_time/time.c.obj
 .rodata.__func__.10
                0x10006bdc       0x15 CMakeFiles/dev_hid_composite.dir/C_/Users/mikek/Documents/RaspberryPiPico/pico-sdk/src/common/pico_time/time.c.obj
 *fill*         0x10006bf1        0x3 
 .rodata.__func__.11
                0x10006bf4       0x1a CMakeFiles/dev_hid_composite.dir/C_/Users/mikek/Documents/RaspberryPiPico/pico-sdk/src/common/pico_time/time.c.obj
 *fill*         0x10006c0e        0x2 
 .rodata.__func__.12
                0x10006c10        0xa CMakeFiles/dev_hid_composite.dir/C_/Users/mikek/Documents/RaspberryPiPico/pico-sdk/src/common/pico_time/time.c.obj
 *fill*         0x10006c1a        0x2 
 .rodata.__func__.3
                0x10006c1c       0x17 CMakeFiles/dev_hid_composite.dir/C_/Users/mikek/Documents/RaspberryPiPico/pico-sdk/src/common/pico_time/time.c.obj
 *fill*         0x10006c33        0x1 
 .rodata.__func__.4
                0x10006c34       0x12 CMakeFiles/dev_hid_composite.dir/C_/Users/mikek/Documents/RaspberryPiPico/pico-sdk/src/common/pico_time/time.c.obj
 *fill*         0x10006c46        0x2 
 .rodata.__func__.5
                0x10006c48        0xd CMakeFiles/dev_hid_composite.dir/C_/Users/mikek/Documents/RaspberryPiPico/pico-sdk/src/common/pico_time/time.c.obj
 *fill*         0x10006c55        0x3 
 .rodata.__func__.6
                0x10006c58       0x12 CMakeFiles/dev_hid_composite.dir/C_/Users/mikek/Documents/RaspberryPiPico/pico-sdk/src/common/pico_time/time.c.obj
 *fill*         0x10006c6a        0x2 
 .rodata.__func__.7
                0x10006c6c        0xf CMakeFiles/dev_hid_composite.dir/C_/Users/mikek/Documents/RaspberryPiPico/pico-sdk/src/common/pico_time/time.c.obj
 *fill*         0x10006c7b        0x1 
 .rodata.__func__.8
                0x10006c7c        0xc CMakeFiles/dev_hid_composite.dir/C_/Users/mikek/Documents/RaspberryPiPico/pico-sdk/src/common/pico_time/time.c.obj
 .rodata.__func__.9
                0x10006c88       0x15 CMakeFiles/dev_hid_composite.dir/C_/Users/mikek/Documents/RaspberryPiPico/pico-sdk/src/common/pico_time/time.c.obj
 *fill*         0x10006c9d        0x3 
 .rodata.hardware_alarm_claim.str1.4
                0x10006ca0       0x22 CMakeFiles/dev_hid_composite.dir/C_/Users/mikek/Documents/RaspberryPiPico/pico-sdk/src/rp2_common/hardware_timer/timer.c.obj
 *fill*         0x10006cc2        0x2 
 .rodata.hardware_alarm_set_target.str1.4
                0x10006cc4       0x7c CMakeFiles/dev_hid_composite.dir/C_/Users/mikek/Documents/RaspberryPiPico/pico-sdk/src/rp2_common/hardware_timer/timer.c.obj
 .rodata.__func__.0
                0x10006d40       0x1a CMakeFiles/dev_hid_composite.dir/C_/Users/mikek/Documents/RaspberryPiPico/pico-sdk/src/rp2_common/hardware_timer/timer.c.obj
 .rodata.ph_add_child_node.str1.4
                0x10006d5a       0xae CMakeFiles/dev_hid_composite.dir/C_/Users/mikek/Documents/RaspberryPiPico/pico-sdk/src/common/pico_util/pheap.c.obj
 *fill*         0x10006d5a        0x2 
 .rodata.ph_remove_any_head.str1.4
                0x10006d5c       0xa4 CMakeFiles/dev_hid_composite.dir/C_/Users/mikek/Documents/RaspberryPiPico/pico-sdk/src/common/pico_util/pheap.c.obj
 .rodata.ph_remove_and_free_node.str1.4
                0x10006e00       0x1e CMakeFiles/dev_hid_composite.dir/C_/Users/mikek/Documents/RaspberryPiPico/pico-sdk/src/common/pico_util/pheap.c.obj
                                 0x26 (size before relaxing)
 *fill*         0x10006e1e        0x2 
 .rodata.__func__.0
                0x10006e20       0x18 CMakeFiles/dev_hid_composite.dir/C_/Users/mikek/Documents/RaspberryPiPico/pico-sdk/src/common/pico_util/pheap.c.obj
 .rodata.__func__.1
                0x10006e38       0x13 CMakeFiles/dev_hid_composite.dir/C_/Users/mikek/Documents/RaspberryPiPico/pico-sdk/src/common/pico_util/pheap.c.obj
 *fill*         0x10006e4b        0x1 
 .rodata.__func__.2
                0x10006e4c       0x12 CMakeFiles/dev_hid_composite.dir/C_/Users/mikek/Documents/RaspberryPiPico/pico-sdk/src/common/pico_util/pheap.c.obj
 *fill*         0x10006e5e        0x2 
 .rodata.__func__.3
                0x10006e60        0xc CMakeFiles/dev_hid_composite.dir/C_/Users/mikek/Documents/RaspberryPiPico/pico-sdk/src/common/pico_util/pheap.c.obj
 .rodata.str1.4
                0x10006e6c       0xa1 CMakeFiles/dev_hid_composite.dir/C_/Users/mikek/Documents/RaspberryPiPico/pico-sdk/src/common/pico_sync/mutex.c.obj
                                0x119 (size before relaxing)
 *fill*         0x10006f0d        0x3 
 .rodata.__func__.1
                0x10006f10        0xb CMakeFiles/dev_hid_composite.dir/C_/Users/mikek/Documents/RaspberryPiPico/pico-sdk/src/common/pico_sync/mutex.c.obj
 *fill*         0x10006f1b        0x1 
 .rodata.__func__.3
                0x10006f1c       0x18 CMakeFiles/dev_hid_composite.dir/C_/Users/mikek/Documents/RaspberryPiPico/pico-sdk/src/common/pico_sync/mutex.c.obj
 .rodata.__func__.4
                0x10006f34       0x15 CMakeFiles/dev_hid_composite.dir/C_/Users/mikek/Documents/RaspberryPiPico/pico-sdk/src/common/pico_sync/mutex.c.obj
 *fill*         0x10006f49        0x3 
 .rodata.__assert_func.str1.4
                0x10006f4c       0x3f CMakeFiles/dev_hid_composite.dir/C_/Users/mikek/Documents/RaspberryPiPico/pico-sdk/src/rp2_common/pico_runtime/runtime.c.obj
                                 0x43 (size before relaxing)
 *fill*         0x10006f8b        0x1 
 .rodata.runtime_init.str1.4
                0x10006f8c       0x78 CMakeFiles/dev_hid_composite.dir/C_/Users/mikek/Documents/RaspberryPiPico/pico-sdk/src/rp2_common/pico_runtime/runtime.c.obj
 .rodata.panic.str1.4
                0x10007004       0x12 CMakeFiles/dev_hid_composite.dir/C_/Users/mikek/Documents/RaspberryPiPico/pico-sdk/src/rp2_common/pico_runtime/runtime.c.obj
 *fill*         0x10007016        0x2 
 .rodata.__func__.1
                0x10007018        0xd CMakeFiles/dev_hid_composite.dir/C_/Users/mikek/Documents/RaspberryPiPico/pico-sdk/src/rp2_common/pico_runtime/runtime.c.obj
 *fill*         0x10007025        0x3 
 .rodata.clock_configure.str1.4
                0x10007028       0x6e CMakeFiles/dev_hid_composite.dir/C_/Users/mikek/Documents/RaspberryPiPico/pico-sdk/src/rp2_common/hardware_clocks/clocks.c.obj
 *fill*         0x10007096        0x2 
 .rodata.__func__.1
                0x10007098       0x10 CMakeFiles/dev_hid_composite.dir/C_/Users/mikek/Documents/RaspberryPiPico/pico-sdk/src/rp2_common/hardware_clocks/clocks.c.obj
 .rodata.pll_init.str1.4
                0x100070a8      0x14f CMakeFiles/dev_hid_composite.dir/C_/Users/mikek/Documents/RaspberryPiPico/pico-sdk/src/rp2_common/hardware_pll/pll.c.obj
 *fill*         0x100071f7        0x1 
 .rodata.__func__.0
                0x100071f8        0x9 CMakeFiles/dev_hid_composite.dir/C_/Users/mikek/Documents/RaspberryPiPico/pico-sdk/src/rp2_common/hardware_pll/pll.c.obj
 *fill*         0x10007201        0x3 
 .rodata._ftoa.str1.4
                0x10007204       0x15 CMakeFiles/dev_hid_composite.dir/C_/Users/mikek/Documents/RaspberryPiPico/pico-sdk/src/rp2_common/pico_printf/printf.c.obj
 *fill*         0x10007219        0x3 
 .rodata._vsnprintf
                0x1000721c      0x19c CMakeFiles/dev_hid_composite.dir/C_/Users/mikek/Documents/RaspberryPiPico/pico-sdk/src/rp2_common/pico_printf/printf.c.obj
 .rodata.pow10.0
                0x100073b8       0x50 CMakeFiles/dev_hid_composite.dir/C_/Users/mikek/Documents/RaspberryPiPico/pico-sdk/src/rp2_common/pico_printf/printf.c.obj
 .rodata.__aeabi_double_init.str1.4
                0x10007408       0xbf CMakeFiles/dev_hid_composite.dir/C_/Users/mikek/Documents/RaspberryPiPico/pico-sdk/src/rp2_common/pico_double/double_init_rom.c.obj
 *fill*         0x100074c7        0x1 
 .rodata.__func__.0
                0x100074c8       0x14 CMakeFiles/dev_hid_composite.dir/C_/Users/mikek/Documents/RaspberryPiPico/pico-sdk/src/rp2_common/pico_double/double_init_rom.c.obj
 .rodata.__aeabi_float_init.str1.4
                0x100074dc       0x91 CMakeFiles/dev_hid_composite.dir/C_/Users/mikek/Documents/RaspberryPiPico/pico-sdk/src/rp2_common/pico_float/float_init_rom.c.obj
                                 0x95 (size before relaxing)
 *fill*         0x1000756d        0x3 
 .rodata.__func__.0
                0x10007570       0x13 CMakeFiles/dev_hid_composite.dir/C_/Users/mikek/Documents/RaspberryPiPico/pico-sdk/src/rp2_common/pico_float/float_init_rom.c.obj
 *fill*         0x10007583        0x1 
 .rodata.str1.4
                0x10007584       0x48 CMakeFiles/dev_hid_composite.dir/C_/Users/mikek/Documents/RaspberryPiPico/pico-sdk/src/rp2_common/pico_standard_link/binary_info.c.obj
 .rodata.__bi_44
                0x100075cc        0xc CMakeFiles/dev_hid_composite.dir/C_/Users/mikek/Documents/RaspberryPiPico/pico-sdk/src/rp2_common/pico_standard_link/binary_info.c.obj
 .rodata.__bi_75
                0x100075d8        0xc CMakeFiles/dev_hid_composite.dir/C_/Users/mikek/Documents/RaspberryPiPico/pico-sdk/src/rp2_common/pico_standard_link/binary_info.c.obj
 .rodata.__bi_81
                0x100075e4        0xc CMakeFiles/dev_hid_composite.dir/C_/Users/mikek/Documents/RaspberryPiPico/pico-sdk/src/rp2_common/pico_standard_link/binary_info.c.obj
 .rodata.crlf_str.3
                0x100075f0        0x2 CMakeFiles/dev_hid_composite.dir/C_/Users/mikek/Documents/RaspberryPiPico/pico-sdk/src/rp2_common/pico_stdio/stdio.c.obj
 *fill*         0x100075f2        0x2 
 .rodata._hw_endpoint_alloc.str1.4
                0x100075f4       0xcd CMakeFiles/dev_hid_composite.dir/C_/Users/mikek/Documents/RaspberryPiPico/pico-sdk/lib/tinyusb/src/portable/raspberrypi/rp2040/dcd_rp2040.c.obj
 *fill*         0x100076c1        0x3 
 .rodata.dcd_rp2040_irq.str1.4
                0x100076c4       0x14 CMakeFiles/dev_hid_composite.dir/C_/Users/mikek/Documents/RaspberryPiPico/pico-sdk/lib/tinyusb/src/portable/raspberrypi/rp2040/dcd_rp2040.c.obj
 .rodata.dcd_int_enable.str1.4
                0x100076d8        0xc CMakeFiles/dev_hid_composite.dir/C_/Users/mikek/Documents/RaspberryPiPico/pico-sdk/lib/tinyusb/src/portable/raspberrypi/rp2040/dcd_rp2040.c.obj
 .rodata.__func__.0
                0x100076e4        0xe CMakeFiles/dev_hid_composite.dir/C_/Users/mikek/Documents/RaspberryPiPico/pico-sdk/lib/tinyusb/src/portable/raspberrypi/rp2040/dcd_rp2040.c.obj
 *fill*         0x100076f2        0x2 
 .rodata.__func__.1
                0x100076f4        0xe CMakeFiles/dev_hid_composite.dir/C_/Users/mikek/Documents/RaspberryPiPico/pico-sdk/lib/tinyusb/src/portable/raspberrypi/rp2040/dcd_rp2040.c.obj
 *fill*         0x10007702        0x2 
 .rodata.__func__.2
                0x10007704       0x12 CMakeFiles/dev_hid_composite.dir/C_/Users/mikek/Documents/RaspberryPiPico/pico-sdk/lib/tinyusb/src/portable/raspberrypi/rp2040/dcd_rp2040.c.obj
 *fill*         0x10007716        0x2 
 .rodata.__func__.3
                0x10007718       0x10 CMakeFiles/dev_hid_composite.dir/C_/Users/mikek/Documents/RaspberryPiPico/pico-sdk/lib/tinyusb/src/portable/raspberrypi/rp2040/dcd_rp2040.c.obj
 .rodata.__func__.5
                0x10007728        0xf CMakeFiles/dev_hid_composite.dir/C_/Users/mikek/Documents/RaspberryPiPico/pico-sdk/lib/tinyusb/src/portable/raspberrypi/rp2040/dcd_rp2040.c.obj
 *fill*         0x10007737        0x1 
 .rodata.__func__.6
                0x10007738       0x13 CMakeFiles/dev_hid_composite.dir/C_/Users/mikek/Documents/RaspberryPiPico/pico-sdk/lib/tinyusb/src/portable/raspberrypi/rp2040/dcd_rp2040.c.obj
 *fill*         0x1000774b        0x1 
 .rodata.__func__.7
                0x1000774c        0x9 CMakeFiles/dev_hid_composite.dir/C_/Users/mikek/Documents/RaspberryPiPico/pico-sdk/lib/tinyusb/src/portable/raspberrypi/rp2040/dcd_rp2040.c.obj
 *fill*         0x10007755        0x3 
 .rodata.sync_ep_buffer.str1.4
                0x10007758       0xa9 CMakeFiles/dev_hid_composite.dir/C_/Users/mikek/Documents/RaspberryPiPico/pico-sdk/lib/tinyusb/src/portable/raspberrypi/rp2040/rp2040_usb.c.obj
 *fill*         0x10007801        0x3 
 .rodata._hw_endpoint_buffer_control_update32.str1.4
                0x10007804       0x1f CMakeFiles/dev_hid_composite.dir/C_/Users/mikek/Documents/RaspberryPiPico/pico-sdk/lib/tinyusb/src/portable/raspberrypi/rp2040/rp2040_usb.c.obj
 *fill*         0x10007823        0x1 
 .rodata.hw_endpoint_xfer_start.str1.4
                0x10007824       0x38 CMakeFiles/dev_hid_composite.dir/C_/Users/mikek/Documents/RaspberryPiPico/pico-sdk/lib/tinyusb/src/portable/raspberrypi/rp2040/rp2040_usb.c.obj
 .rodata.hw_endpoint_xfer_continue.str1.4
                0x1000785c       0x29 CMakeFiles/dev_hid_composite.dir/C_/Users/mikek/Documents/RaspberryPiPico/pico-sdk/lib/tinyusb/src/portable/raspberrypi/rp2040/rp2040_usb.c.obj
 *fill*         0x10007885        0x3 
 .rodata.str1.4
                0x10007888        0x7 CMakeFiles/dev_hid_composite.dir/C_/Users/mikek/Documents/RaspberryPiPico/pico-sdk/lib/tinyusb/src/portable/raspberrypi/rp2040/rp2040_usb.c.obj
 *fill*         0x1000788f        0x1 
 .rodata.__func__.0
                0x10007890        0xf CMakeFiles/dev_hid_composite.dir/C_/Users/mikek/Documents/RaspberryPiPico/pico-sdk/lib/tinyusb/src/portable/raspberrypi/rp2040/rp2040_usb.c.obj
 *fill*         0x1000789f        0x1 
 .rodata.configuration_reset.str1.4
                0x100078a0       0x17 CMakeFiles/dev_hid_composite.dir/C_/Users/mikek/Documents/RaspberryPiPico/pico-sdk/lib/tinyusb/src/device/usbd.c.obj
 *fill*         0x100078b7        0x1 
 .rodata.process_get_descriptor
                0x100078b8       0x40 CMakeFiles/dev_hid_composite.dir/C_/Users/mikek/Documents/RaspberryPiPico/pico-sdk/lib/tinyusb/src/device/usbd.c.obj
 .rodata.process_control_request
                0x100078f8       0x28 CMakeFiles/dev_hid_composite.dir/C_/Users/mikek/Documents/RaspberryPiPico/pico-sdk/lib/tinyusb/src/device/usbd.c.obj
 .rodata.tud_task_ext
                0x10007920       0x24 CMakeFiles/dev_hid_composite.dir/C_/Users/mikek/Documents/RaspberryPiPico/pico-sdk/lib/tinyusb/src/device/usbd.c.obj
 .rodata.__func__.10
                0x10007944        0xd CMakeFiles/dev_hid_composite.dir/C_/Users/mikek/Documents/RaspberryPiPico/pico-sdk/lib/tinyusb/src/device/usbd.c.obj
 *fill*         0x10007951        0x3 
 .rodata.__func__.11
                0x10007954        0x9 CMakeFiles/dev_hid_composite.dir/C_/Users/mikek/Documents/RaspberryPiPico/pico-sdk/lib/tinyusb/src/device/usbd.c.obj
 *fill*         0x1000795d        0x3 
 .rodata.__func__.2
                0x10007960        0xf CMakeFiles/dev_hid_composite.dir/C_/Users/mikek/Documents/RaspberryPiPico/pico-sdk/lib/tinyusb/src/device/usbd.c.obj
 *fill*         0x1000796f        0x1 
 .rodata.__func__.3
                0x10007970        0xf CMakeFiles/dev_hid_composite.dir/C_/Users/mikek/Documents/RaspberryPiPico/pico-sdk/lib/tinyusb/src/device/usbd.c.obj
 *fill*         0x1000797f        0x1 
 .rodata.__func__.4
                0x10007980       0x14 CMakeFiles/dev_hid_composite.dir/C_/Users/mikek/Documents/RaspberryPiPico/pico-sdk/lib/tinyusb/src/device/usbd.c.obj
 .rodata.__func__.5
                0x10007994       0x10 CMakeFiles/dev_hid_composite.dir/C_/Users/mikek/Documents/RaspberryPiPico/pico-sdk/lib/tinyusb/src/device/usbd.c.obj
 .rodata.__func__.6
                0x100079a4       0x17 CMakeFiles/dev_hid_composite.dir/C_/Users/mikek/Documents/RaspberryPiPico/pico-sdk/lib/tinyusb/src/device/usbd.c.obj
 *fill*         0x100079bb        0x1 
 .rodata.__func__.7
                0x100079bc       0x13 CMakeFiles/dev_hid_composite.dir/C_/Users/mikek/Documents/RaspberryPiPico/pico-sdk/lib/tinyusb/src/device/usbd.c.obj
 *fill*         0x100079cf        0x1 
 .rodata.__func__.8
                0x100079d0       0x18 CMakeFiles/dev_hid_composite.dir/C_/Users/mikek/Documents/RaspberryPiPico/pico-sdk/lib/tinyusb/src/device/usbd.c.obj
 .rodata.__func__.9
                0x100079e8       0x14 CMakeFiles/dev_hid_composite.dir/C_/Users/mikek/Documents/RaspberryPiPico/pico-sdk/lib/tinyusb/src/device/usbd.c.obj
 .rodata._usbd_driver
                0x100079fc       0x18 CMakeFiles/dev_hid_composite.dir/C_/Users/mikek/Documents/RaspberryPiPico/pico-sdk/lib/tinyusb/src/device/usbd.c.obj
 .rodata.tud_control_xfer.str1.4
                0x10007a14       0x17 CMakeFiles/dev_hid_composite.dir/C_/Users/mikek/Documents/RaspberryPiPico/pico-sdk/lib/tinyusb/src/device/usbd_control.c.obj
 .rodata.__func__.0
                0x10007a14       0x15 CMakeFiles/dev_hid_composite.dir/C_/Users/mikek/Documents/RaspberryPiPico/pico-sdk/lib/tinyusb/src/device/usbd_control.c.obj
 *fill*         0x10007a29        0x3 
 .rodata.__func__.1
                0x10007a2c       0x11 CMakeFiles/dev_hid_composite.dir/C_/Users/mikek/Documents/RaspberryPiPico/pico-sdk/lib/tinyusb/src/device/usbd_control.c.obj
 *fill*         0x10007a3d        0x3 
 .rodata.hidd_open.str1.4
                0x10007a40       0x11 CMakeFiles/dev_hid_composite.dir/C_/Users/mikek/Documents/RaspberryPiPico/pico-sdk/lib/tinyusb/src/class/hid/hid_device.c.obj
                                 0x29 (size before relaxing)
 *fill*         0x10007a51        0x3 
 .rodata.hidd_control_xfer_cb
                0x10007a54       0x30 CMakeFiles/dev_hid_composite.dir/C_/Users/mikek/Documents/RaspberryPiPico/pico-sdk/lib/tinyusb/src/class/hid/hid_device.c.obj
 .rodata.__PRETTY_FUNCTION__.2
                0x10007a84        0xa CMakeFiles/dev_hid_composite.dir/C_/Users/mikek/Documents/RaspberryPiPico/pico-sdk/lib/tinyusb/src/class/hid/hid_device.c.obj
 *fill*         0x10007a8e        0x2 
 .rodata.__func__.0
                0x10007a90        0xd CMakeFiles/dev_hid_composite.dir/C_/Users/mikek/Documents/RaspberryPiPico/pico-sdk/lib/tinyusb/src/class/hid/hid_device.c.obj
 *fill*         0x10007a9d        0x3 
 .rodata.__func__.1
                0x10007aa0       0x15 CMakeFiles/dev_hid_composite.dir/C_/Users/mikek/Documents/RaspberryPiPico/pico-sdk/lib/tinyusb/src/class/hid/hid_device.c.obj
 *fill*         0x10007ab5        0x3 
 .rodata.__func__.3
                0x10007ab8        0xa CMakeFiles/dev_hid_composite.dir/C_/Users/mikek/Documents/RaspberryPiPico/pico-sdk/lib/tinyusb/src/class/hid/hid_device.c.obj
 .rodata.tusb_init.str1.4
                0x10007ac2       0x17 CMakeFiles/dev_hid_composite.dir/C_/Users/mikek/Documents/RaspberryPiPico/pico-sdk/lib/tinyusb/src/tusb.c.obj
 *fill*         0x10007ac2        0x2 
 .rodata.__func__.0
                0x10007ac4       0x11 CMakeFiles/dev_hid_composite.dir/C_/Users/mikek/Documents/RaspberryPiPico/pico-sdk/lib/tinyusb/src/tusb.c.obj
 *fill*         0x10007ad5        0x3 
 .rodata.__func__.1
                0x10007ad8        0xa CMakeFiles/dev_hid_composite.dir/C_/Users/mikek/Documents/RaspberryPiPico/pico-sdk/lib/tinyusb/src/tusb.c.obj
 *fill*         0x10007ae2        0x2 
 .rodata.str1.4
                0x10007ae4      0x16e CMakeFiles/dev_hid_composite.dir/C_/Users/mikek/Documents/RaspberryPiPico/pico-sdk/src/rp2_common/hardware_flash/flash.c.obj
 *fill*         0x10007c52        0x2 
 .rodata.__func__.0
                0x10007c54        0xd CMakeFiles/dev_hid_composite.dir/C_/Users/mikek/Documents/RaspberryPiPico/pico-sdk/src/rp2_common/hardware_flash/flash.c.obj
 *fill*         0x10007c61        0x3 
 .rodata.str1.4
                0x10007c64        0x4 CMakeFiles/dev_hid_composite.dir/C_/Users/mikek/Documents/RaspberryPiPico/pico-sdk/lib/tinyusb/hw/bsp/rp2040/family.c.obj
 .rodata.__bi_128.0
                0x10007c68        0xc CMakeFiles/dev_hid_composite.dir/C_/Users/mikek/Documents/RaspberryPiPico/pico-sdk/lib/tinyusb/hw/bsp/rp2040/family.c.obj
                0x10007c74                . = ALIGN (0x4)
 *(SORT_BY_ALIGNMENT(SORT_BY_NAME(.flashdata*)))
                0x10007c74                . = ALIGN (0x4)

.rel.dyn        0x10007c74        0x0
 .rel.iplt      0x10007c74        0x0 c:/progra~2/armgnu~1/112202~1.02/bin/../lib/gcc/arm-none-eabi/11.2.1/thumb/v6-m/nofp/crtbegin.o

.ARM.extab
 *(.ARM.extab* .gnu.linkonce.armextab.*)
                0x10007c74                __exidx_start = .

.ARM.exidx
 *(.ARM.exidx* .gnu.linkonce.armexidx.*)
                0x10007c74                __exidx_end = .
                0x10007c74                . = ALIGN (0x4)
                0x10007c74                __binary_info_start = .

.binary_info    0x10007c74       0x20
 *(.binary_info.keep.*)
 .binary_info.keep.__bi_ptr22
                0x10007c74        0x4 CMakeFiles/dev_hid_composite.dir/C_/Users/mikek/Documents/RaspberryPiPico/pico-sdk/src/rp2_common/pico_standard_link/binary_info.c.obj
 .binary_info.keep.__bi_ptr30
                0x10007c78        0x4 CMakeFiles/dev_hid_composite.dir/C_/Users/mikek/Documents/RaspberryPiPico/pico-sdk/src/rp2_common/pico_standard_link/binary_info.c.obj
 .binary_info.keep.__bi_ptr38
                0x10007c7c        0x4 CMakeFiles/dev_hid_composite.dir/C_/Users/mikek/Documents/RaspberryPiPico/pico-sdk/src/rp2_common/pico_standard_link/binary_info.c.obj
 .binary_info.keep.__bi_ptr44
                0x10007c80        0x4 CMakeFiles/dev_hid_composite.dir/C_/Users/mikek/Documents/RaspberryPiPico/pico-sdk/src/rp2_common/pico_standard_link/binary_info.c.obj
 .binary_info.keep.__bi_ptr50
                0x10007c84        0x4 CMakeFiles/dev_hid_composite.dir/C_/Users/mikek/Documents/RaspberryPiPico/pico-sdk/src/rp2_common/pico_standard_link/binary_info.c.obj
 .binary_info.keep.__bi_ptr75
                0x10007c88        0x4 CMakeFiles/dev_hid_composite.dir/C_/Users/mikek/Documents/RaspberryPiPico/pico-sdk/src/rp2_common/pico_standard_link/binary_info.c.obj
 .binary_info.keep.__bi_ptr81
                0x10007c8c        0x4 CMakeFiles/dev_hid_composite.dir/C_/Users/mikek/Documents/RaspberryPiPico/pico-sdk/src/rp2_common/pico_standard_link/binary_info.c.obj
 .binary_info.keep.__bi_ptr128
                0x10007c90        0x4 CMakeFiles/dev_hid_composite.dir/C_/Users/mikek/Documents/RaspberryPiPico/pico-sdk/lib/tinyusb/hw/bsp/rp2040/family.c.obj
 *(.binary_info.*)
                0x10007c94                __binary_info_end = .
                0x10007c94                . = ALIGN (0x4)
                0x10007c94                __etext = .

.ram_vector_table
                0x20000000       0xc0
 *(.ram_vector_table)
 .ram_vector_table
                0x20000000       0xc0 CMakeFiles/dev_hid_composite.dir/C_/Users/mikek/Documents/RaspberryPiPico/pico-sdk/src/rp2_common/pico_runtime/runtime.c.obj
                0x20000000                ram_vector_table

.data           0x200000c0      0x730 load address 0x10007c94
                0x200000c0                __data_start__ = .
 *(vtable)
 *(.time_critical*)
 .time_critical.mutex_enter_blocking
                0x200000c0       0x48 CMakeFiles/dev_hid_composite.dir/C_/Users/mikek/Documents/RaspberryPiPico/pico-sdk/src/common/pico_sync/mutex.c.obj
                0x200000c0                mutex_enter_blocking
 .time_critical.mutex_try_enter
                0x20000108       0x46 CMakeFiles/dev_hid_composite.dir/C_/Users/mikek/Documents/RaspberryPiPico/pico-sdk/src/common/pico_sync/mutex.c.obj
                0x20000108                mutex_try_enter
 *fill*         0x2000014e        0x2 
 .time_critical.mutex_enter_block_until
                0x20000150       0x8c CMakeFiles/dev_hid_composite.dir/C_/Users/mikek/Documents/RaspberryPiPico/pico-sdk/src/common/pico_sync/mutex.c.obj
                0x20000150                mutex_enter_block_until
 .time_critical.mutex_enter_timeout_ms
                0x200001dc       0x74 CMakeFiles/dev_hid_composite.dir/C_/Users/mikek/Documents/RaspberryPiPico/pico-sdk/src/common/pico_sync/mutex.c.obj
                0x200001dc                mutex_enter_timeout_ms
 .time_critical.mutex_exit
                0x20000250       0x4c CMakeFiles/dev_hid_composite.dir/C_/Users/mikek/Documents/RaspberryPiPico/pico-sdk/src/common/pico_sync/mutex.c.obj
                0x20000250                mutex_exit
 .time_critical.tinyusb
                0x2000029c      0x240 CMakeFiles/dev_hid_composite.dir/C_/Users/mikek/Documents/RaspberryPiPico/pico-sdk/lib/tinyusb/src/device/usbd.c.obj
                0x2000029c                dcd_event_handler
 .time_critical.flash_init_boot2_copyout
                0x200004dc       0x30 CMakeFiles/dev_hid_composite.dir/C_/Users/mikek/Documents/RaspberryPiPico/pico-sdk/src/rp2_common/hardware_flash/flash.c.obj
 .time_critical.flash_enable_xip_via_boot2
                0x2000050c       0x10 CMakeFiles/dev_hid_composite.dir/C_/Users/mikek/Documents/RaspberryPiPico/pico-sdk/src/rp2_common/hardware_flash/flash.c.obj
 .time_critical.flash_cs_force
                0x2000051c       0x28 CMakeFiles/dev_hid_composite.dir/C_/Users/mikek/Documents/RaspberryPiPico/pico-sdk/src/rp2_common/hardware_flash/flash.c.obj
 .time_critical.flash_do_cmd
                0x20000544       0xd8 CMakeFiles/dev_hid_composite.dir/C_/Users/mikek/Documents/RaspberryPiPico/pico-sdk/src/rp2_common/hardware_flash/flash.c.obj
                0x20000544                flash_do_cmd
 .time_critical.get_bootsel_button
                0x2000061c       0x60 CMakeFiles/dev_hid_composite.dir/C_/Users/mikek/Documents/RaspberryPiPico/pico-sdk/lib/tinyusb/hw/bsp/rp2040/family.c.obj
                0x2000061c                get_bootsel_button
 *(.text*)
 .text          0x2000067c        0x4 c:/progra~2/armgnu~1/112202~1.02/bin/../lib/gcc/arm-none-eabi/11.2.1/thumb/v6-m/nofp\libgcc.a(_dvmd_tls.o)
                0x2000067c                __aeabi_idiv0
                0x2000067c                __aeabi_ldiv0
 .text.__stub   0x20000680       0x70 linker stubs
                0x200006f0                . = ALIGN (0x4)
 *(.rodata*)
                0x200006f0                . = ALIGN (0x4)
 *(.data*)
 .data.string_desc_arr
                0x200006f0       0x10 CMakeFiles/dev_hid_composite.dir/usb_descriptors.c.obj
                0x200006f0                string_desc_arr
 .data.striped_spin_lock_num
                0x20000700        0x1 CMakeFiles/dev_hid_composite.dir/C_/Users/mikek/Documents/RaspberryPiPico/pico-sdk/src/rp2_common/hardware_sync/sync.c.obj
 *fill*         0x20000701        0x3 
 .data          0x20000704       0x48 CMakeFiles/dev_hid_composite.dir/C_/Users/mikek/Documents/RaspberryPiPico/pico-sdk/src/rp2_common/hardware_irq/irq_handler_chain.S.obj
                0x20000704                irq_handler_chain_slots
                0x20000734                irq_handler_chain_first_slot
                0x2000073e                irq_handler_chain_remove_tail
 .data.default_alarm_pool
                0x2000074c       0x18 CMakeFiles/dev_hid_composite.dir/C_/Users/mikek/Documents/RaspberryPiPico/pico-sdk/src/common/pico_time/time.c.obj
 .data.default_alarm_pool_heap
                0x20000764       0x10 CMakeFiles/dev_hid_composite.dir/C_/Users/mikek/Documents/RaspberryPiPico/pico-sdk/src/common/pico_time/time.c.obj
 *fill*         0x20000774        0xc 
 .data.aeabi_bits_funcs
                0x20000780       0x10 CMakeFiles/dev_hid_composite.dir/C_/Users/mikek/Documents/RaspberryPiPico/pico-sdk/src/rp2_common/pico_bit_ops/bit_ops_aeabi.S.obj
                0x20000780                aeabi_bits_funcs
                0x20000790                aeabi_bits_funcs_end
 .data.aeabi_mem_funcs
                0x20000790       0x10 CMakeFiles/dev_hid_composite.dir/C_/Users/mikek/Documents/RaspberryPiPico/pico-sdk/src/rp2_common/pico_mem_ops/mem_ops_aeabi.S.obj
                0x20000790                aeabi_mem_funcs
                0x200007a0                aeabi_mem_funcs_end
 .data.ep_dir_string
                0x200007a0        0x8 CMakeFiles/dev_hid_composite.dir/C_/Users/mikek/Documents/RaspberryPiPico/pico-sdk/lib/tinyusb/src/portable/raspberrypi/rp2040/rp2040_usb.c.obj
                0x200007a0                ep_dir_string
 .data._usbd_qdef
                0x200007a8       0x24 CMakeFiles/dev_hid_composite.dir/C_/Users/mikek/Documents/RaspberryPiPico/pico-sdk/lib/tinyusb/src/device/usbd.c.obj
                0x200007a8                _usbd_qdef
 .data._usbd_rhport
                0x200007cc        0x1 CMakeFiles/dev_hid_composite.dir/C_/Users/mikek/Documents/RaspberryPiPico/pico-sdk/lib/tinyusb/src/device/usbd.c.obj
                0x200007d0                . = ALIGN (0x4)
 *fill*         0x200007cd        0x3 
 *(.after_data.*)
                0x200007d0                . = ALIGN (0x4)
                0x200007d0                PROVIDE (__mutex_array_start = .)
 *(SORT_BY_NAME(.mutex_array.*))
 *(.mutex_array)
 .mutex_array   0x200007d0        0x8 CMakeFiles/dev_hid_composite.dir/C_/Users/mikek/Documents/RaspberryPiPico/pico-sdk/src/rp2_common/pico_stdio/stdio.c.obj
                0x200007d8                PROVIDE (__mutex_array_end = .)
                0x200007d8                . = ALIGN (0x4)
                0x200007d8                PROVIDE (__preinit_array_start = .)
 *(SORT_BY_NAME(.preinit_array.*))
 .preinit_array.00001
                0x200007d8        0x4 CMakeFiles/dev_hid_composite.dir/C_/Users/mikek/Documents/RaspberryPiPico/pico-sdk/src/rp2_common/pico_mem_ops/mem_ops_aeabi.S.obj
 .preinit_array.00010
                0x200007dc        0x4 CMakeFiles/dev_hid_composite.dir/C_/Users/mikek/Documents/RaspberryPiPico/pico-sdk/src/rp2_common/pico_bit_ops/bit_ops_aeabi.S.obj
 .preinit_array.00020
                0x200007e0        0x4 CMakeFiles/dev_hid_composite.dir/C_/Users/mikek/Documents/RaspberryPiPico/pico-sdk/src/rp2_common/pico_double/double_aeabi.S.obj
 .preinit_array.00020
                0x200007e4        0x4 CMakeFiles/dev_hid_composite.dir/C_/Users/mikek/Documents/RaspberryPiPico/pico-sdk/src/rp2_common/pico_float/float_aeabi.S.obj
 *(.preinit_array)
                0x200007e8                PROVIDE (__preinit_array_end = .)
                0x200007e8                . = ALIGN (0x4)
                0x200007e8                PROVIDE (__init_array_start = .)
 *(SORT_BY_NAME(.init_array.*))
 *(.init_array)
 .init_array    0x200007e8        0x4 c:/progra~2/armgnu~1/112202~1.02/bin/../lib/gcc/arm-none-eabi/11.2.1/thumb/v6-m/nofp/crtbegin.o
 .init_array    0x200007ec        0x4 CMakeFiles/dev_hid_composite.dir/C_/Users/mikek/Documents/RaspberryPiPico/pico-sdk/src/rp2_common/pico_unique_id/unique_id.c.obj
                0x200007f0                PROVIDE (__init_array_end = .)
                0x200007f0                . = ALIGN (0x4)
                [!provide]                PROVIDE (__fini_array_start = .)
 *(SORT_BY_NAME(.fini_array.*))
 *(.fini_array)
                [!provide]                PROVIDE (__fini_array_end = .)
 *(.jcr)
                0x200007f0                . = ALIGN (0x4)
                0x200007f0                __data_end__ = .

.tm_clone_table
                0x200007f0        0x0 load address 0x100083c4
 .tm_clone_table
                0x200007f0        0x0 c:/progra~2/armgnu~1/112202~1.02/bin/../lib/gcc/arm-none-eabi/11.2.1/thumb/v6-m/nofp/crtbegin.o
 .tm_clone_table
                0x200007f0        0x0 c:/progra~2/armgnu~1/112202~1.02/bin/../lib/gcc/arm-none-eabi/11.2.1/thumb/v6-m/nofp/crtend.o

.igot.plt       0x200007f0        0x0 load address 0x100083c4